Archive member included because of file (symbol)

c:/davev4-64bit/dave-4.3.2/eclipse/arm-gcc-49/bin/../lib/gcc/arm-none-eabi/4.9.3/../../../../arm-none-eabi/lib/armv7e-m/softfp\libm.a(lib_a-s_sin.o)
                              ./main.o (sin)
c:/davev4-64bit/dave-4.3.2/eclipse/arm-gcc-49/bin/../lib/gcc/arm-none-eabi/4.9.3/../../../../arm-none-eabi/lib/armv7e-m/softfp\libm.a(lib_a-sf_cos.o)
                              ./main.o (cosf)
c:/davev4-64bit/dave-4.3.2/eclipse/arm-gcc-49/bin/../lib/gcc/arm-none-eabi/4.9.3/../../../../arm-none-eabi/lib/armv7e-m/softfp\libm.a(lib_a-sf_sin.o)
                              ./main.o (sinf)
c:/davev4-64bit/dave-4.3.2/eclipse/arm-gcc-49/bin/../lib/gcc/arm-none-eabi/4.9.3/../../../../arm-none-eabi/lib/armv7e-m/softfp\libm.a(lib_a-wf_acos.o)
                              ./main.o (acosf)
c:/davev4-64bit/dave-4.3.2/eclipse/arm-gcc-49/bin/../lib/gcc/arm-none-eabi/4.9.3/../../../../arm-none-eabi/lib/armv7e-m/softfp\libm.a(lib_a-wf_asin.o)
                              ./main.o (asinf)
c:/davev4-64bit/dave-4.3.2/eclipse/arm-gcc-49/bin/../lib/gcc/arm-none-eabi/4.9.3/../../../../arm-none-eabi/lib/armv7e-m/softfp\libm.a(lib_a-wf_atan2.o)
                              ./main.o (atan2f)
c:/davev4-64bit/dave-4.3.2/eclipse/arm-gcc-49/bin/../lib/gcc/arm-none-eabi/4.9.3/../../../../arm-none-eabi/lib/armv7e-m/softfp\libm.a(lib_a-wf_sqrt.o)
                              ./main.o (sqrtf)
c:/davev4-64bit/dave-4.3.2/eclipse/arm-gcc-49/bin/../lib/gcc/arm-none-eabi/4.9.3/../../../../arm-none-eabi/lib/armv7e-m/softfp\libm.a(lib_a-e_rem_pio2.o)
                              c:/davev4-64bit/dave-4.3.2/eclipse/arm-gcc-49/bin/../lib/gcc/arm-none-eabi/4.9.3/../../../../arm-none-eabi/lib/armv7e-m/softfp\libm.a(lib_a-s_sin.o) (__ieee754_rem_pio2)
c:/davev4-64bit/dave-4.3.2/eclipse/arm-gcc-49/bin/../lib/gcc/arm-none-eabi/4.9.3/../../../../arm-none-eabi/lib/armv7e-m/softfp\libm.a(lib_a-ef_acos.o)
                              c:/davev4-64bit/dave-4.3.2/eclipse/arm-gcc-49/bin/../lib/gcc/arm-none-eabi/4.9.3/../../../../arm-none-eabi/lib/armv7e-m/softfp\libm.a(lib_a-wf_acos.o) (__ieee754_acosf)
c:/davev4-64bit/dave-4.3.2/eclipse/arm-gcc-49/bin/../lib/gcc/arm-none-eabi/4.9.3/../../../../arm-none-eabi/lib/armv7e-m/softfp\libm.a(lib_a-ef_asin.o)
                              c:/davev4-64bit/dave-4.3.2/eclipse/arm-gcc-49/bin/../lib/gcc/arm-none-eabi/4.9.3/../../../../arm-none-eabi/lib/armv7e-m/softfp\libm.a(lib_a-wf_asin.o) (__ieee754_asinf)
c:/davev4-64bit/dave-4.3.2/eclipse/arm-gcc-49/bin/../lib/gcc/arm-none-eabi/4.9.3/../../../../arm-none-eabi/lib/armv7e-m/softfp\libm.a(lib_a-ef_atan2.o)
                              c:/davev4-64bit/dave-4.3.2/eclipse/arm-gcc-49/bin/../lib/gcc/arm-none-eabi/4.9.3/../../../../arm-none-eabi/lib/armv7e-m/softfp\libm.a(lib_a-wf_atan2.o) (__ieee754_atan2f)
c:/davev4-64bit/dave-4.3.2/eclipse/arm-gcc-49/bin/../lib/gcc/arm-none-eabi/4.9.3/../../../../arm-none-eabi/lib/armv7e-m/softfp\libm.a(lib_a-ef_rem_pio2.o)
                              c:/davev4-64bit/dave-4.3.2/eclipse/arm-gcc-49/bin/../lib/gcc/arm-none-eabi/4.9.3/../../../../arm-none-eabi/lib/armv7e-m/softfp\libm.a(lib_a-sf_cos.o) (__ieee754_rem_pio2f)
c:/davev4-64bit/dave-4.3.2/eclipse/arm-gcc-49/bin/../lib/gcc/arm-none-eabi/4.9.3/../../../../arm-none-eabi/lib/armv7e-m/softfp\libm.a(lib_a-ef_sqrt.o)
                              c:/davev4-64bit/dave-4.3.2/eclipse/arm-gcc-49/bin/../lib/gcc/arm-none-eabi/4.9.3/../../../../arm-none-eabi/lib/armv7e-m/softfp\libm.a(lib_a-wf_sqrt.o) (__ieee754_sqrtf)
c:/davev4-64bit/dave-4.3.2/eclipse/arm-gcc-49/bin/../lib/gcc/arm-none-eabi/4.9.3/../../../../arm-none-eabi/lib/armv7e-m/softfp\libm.a(lib_a-k_cos.o)
                              c:/davev4-64bit/dave-4.3.2/eclipse/arm-gcc-49/bin/../lib/gcc/arm-none-eabi/4.9.3/../../../../arm-none-eabi/lib/armv7e-m/softfp\libm.a(lib_a-s_sin.o) (__kernel_cos)
c:/davev4-64bit/dave-4.3.2/eclipse/arm-gcc-49/bin/../lib/gcc/arm-none-eabi/4.9.3/../../../../arm-none-eabi/lib/armv7e-m/softfp\libm.a(lib_a-k_rem_pio2.o)
                              c:/davev4-64bit/dave-4.3.2/eclipse/arm-gcc-49/bin/../lib/gcc/arm-none-eabi/4.9.3/../../../../arm-none-eabi/lib/armv7e-m/softfp\libm.a(lib_a-e_rem_pio2.o) (__kernel_rem_pio2)
c:/davev4-64bit/dave-4.3.2/eclipse/arm-gcc-49/bin/../lib/gcc/arm-none-eabi/4.9.3/../../../../arm-none-eabi/lib/armv7e-m/softfp\libm.a(lib_a-k_sin.o)
                              c:/davev4-64bit/dave-4.3.2/eclipse/arm-gcc-49/bin/../lib/gcc/arm-none-eabi/4.9.3/../../../../arm-none-eabi/lib/armv7e-m/softfp\libm.a(lib_a-s_sin.o) (__kernel_sin)
c:/davev4-64bit/dave-4.3.2/eclipse/arm-gcc-49/bin/../lib/gcc/arm-none-eabi/4.9.3/../../../../arm-none-eabi/lib/armv7e-m/softfp\libm.a(lib_a-kf_cos.o)
                              c:/davev4-64bit/dave-4.3.2/eclipse/arm-gcc-49/bin/../lib/gcc/arm-none-eabi/4.9.3/../../../../arm-none-eabi/lib/armv7e-m/softfp\libm.a(lib_a-sf_cos.o) (__kernel_cosf)
[...]
Memory Configuration

Name             Origin             Length             Attributes
FLASH_1_cached   0x08000000         0x00100000         xr
FLASH_1_uncached 0x0c000000         0x00100000         xr
PSRAM_1          0x10000000         0x00010000         !xr
DSRAM_1_system   0x20000000         0x00010000         !xr
DSRAM_2_comm     0x30000000         0x00008000         !xr
*default*        0x00000000         0xffffffff

Linker script and memory map

LOAD ./Startup/startup_XMC4500.o
LOAD ./Startup/system_XMC4500.o
LOAD ./Libraries/XMCLib/src/xmc4_eru.o
LOAD ./Libraries/XMCLib/src/xmc4_flash.o
LOAD ./Libraries/XMCLib/src/xmc4_gpio.o
LOAD ./Libraries/XMCLib/src/xmc4_rtc.o
LOAD ./Libraries/XMCLib/src/xmc4_scu.o
LOAD ./Libraries/XMCLib/src/xmc_can.o
LOAD ./Libraries/XMCLib/src/xmc_ccu4.o
LOAD ./Libraries/XMCLib/src/xmc_ccu8.o
LOAD ./Libraries/XMCLib/src/xmc_common.o
LOAD ./Libraries/XMCLib/src/xmc_dac.o
LOAD ./Libraries/XMCLib/src/xmc_dma.o
LOAD ./Libraries/XMCLib/src/xmc_dsd.o
LOAD ./Libraries/XMCLib/src/xmc_ebu.o
LOAD ./Libraries/XMCLib/src/xmc_ecat.o
LOAD ./Libraries/XMCLib/src/xmc_eru.o
LOAD ./Libraries/XMCLib/src/xmc_eth_mac.o
LOAD ./Libraries/XMCLib/src/xmc_eth_phy_dp83848.o
LOAD ./Libraries/XMCLib/src/xmc_eth_phy_ksz8031rnl.o
LOAD ./Libraries/XMCLib/src/xmc_eth_phy_ksz8081rnb.o
LOAD ./Libraries/XMCLib/src/xmc_fce.o
LOAD ./Libraries/XMCLib/src/xmc_gpio.o
LOAD ./Libraries/XMCLib/src/xmc_hrpwm.o
LOAD ./Libraries/XMCLib/src/xmc_i2c.o
LOAD ./Libraries/XMCLib/src/xmc_i2s.o
LOAD ./Libraries/XMCLib/src/xmc_ledts.o
LOAD ./Libraries/XMCLib/src/xmc_posif.o
LOAD ./Libraries/XMCLib/src/xmc_rtc.o
LOAD ./Libraries/XMCLib/src/xmc_sdmmc.o
LOAD ./Libraries/XMCLib/src/xmc_spi.o
LOAD ./Libraries/XMCLib/src/xmc_uart.o
LOAD ./Libraries/XMCLib/src/xmc_usbd.o
LOAD ./Libraries/XMCLib/src/xmc_usbh.o
LOAD ./Libraries/XMCLib/src/xmc_usic.o
LOAD ./Libraries/XMCLib/src/xmc_vadc.o
LOAD ./Libraries/XMCLib/src/xmc_wdt.o
LOAD ./Libraries/Newlib/syscalls.o
LOAD ./Dave/Generated/UART/uart.o
LOAD ./Dave/Generated/UART/uart_conf.o
LOAD ./Dave/Generated/TIMER/timer.o
LOAD ./Dave/Generated/TIMER/timer_conf.o
LOAD ./Dave/Generated/INTERRUPT/interrupt.o
LOAD ./Dave/Generated/INTERRUPT/interrupt_conf.o
LOAD ./Dave/Generated/GLOBAL_CCU4/global_ccu4.o
LOAD ./Dave/Generated/GLOBAL_CCU4/global_ccu4_conf.o
LOAD ./Dave/Generated/DIGITAL_IO/digital_io.o
LOAD ./Dave/Generated/DIGITAL_IO/digital_io_conf.o
LOAD ./Dave/Generated/DAC/dac.o
LOAD ./Dave/Generated/DAC/dac_conf.o
LOAD ./Dave/Generated/CPU_CTRL_XMC4/cpu_ctrl_xmc4.o
LOAD ./Dave/Generated/CPU_CTRL_XMC4/cpu_ctrl_xmc4_conf.o
LOAD ./Dave/Generated/CLOCK_XMC4/clock_xmc4.o
LOAD ./Dave/Generated/CLOCK_XMC4/clock_xmc4_conf.o
LOAD ./Dave/Generated/DAVE.o
LOAD ./main.o
LOAD c:/davev4-64bit/dave-4.3.2/eclipse/arm-gcc-49/bin/../lib/gcc/arm-none-eabi/4.9.3/../../../../arm-none-eabi/lib/armv7e-m/softfp\libm.a
START GROUP
LOAD c:/davev4-64bit/dave-4.3.2/eclipse/arm-gcc-49/bin/../lib/gcc/arm-none-eabi/4.9.3/armv7e-m/softfp\libgcc.a
LOAD c:/davev4-64bit/dave-4.3.2/eclipse/arm-gcc-49/bin/../lib/gcc/arm-none-eabi/4.9.3/../../../../arm-none-eabi/lib/armv7e-m/softfp\libg_nano.a
LOAD c:/davev4-64bit/dave-4.3.2/eclipse/arm-gcc-49/bin/../lib/gcc/arm-none-eabi/4.9.3/../../../../arm-none-eabi/lib/armv7e-m/softfp\libc_nano.a
END GROUP
START GROUP
LOAD c:/davev4-64bit/dave-4.3.2/eclipse/arm-gcc-49/bin/../lib/gcc/arm-none-eabi/4.9.3/armv7e-m/softfp\libgcc.a
LOAD c:/davev4-64bit/dave-4.3.2/eclipse/arm-gcc-49/bin/../lib/gcc/arm-none-eabi/4.9.3/../../../../arm-none-eabi/lib/armv7e-m/softfp\libc_nano.a
LOAD c:/davev4-64bit/dave-4.3.2/eclipse/arm-gcc-49/bin/../lib/gcc/arm-none-eabi/4.9.3/../../../../arm-none-eabi/lib/armv7e-m/softfp\libnosys.a
END GROUP
START GROUP
LOAD c:/davev4-64bit/dave-4.3.2/eclipse/arm-gcc-49/bin/../lib/gcc/arm-none-eabi/4.9.3/armv7e-m/softfp\libgcc.a
LOAD c:/davev4-64bit/dave-4.3.2/eclipse/arm-gcc-49/bin/../lib/gcc/arm-none-eabi/4.9.3/../../../../arm-none-eabi/lib/armv7e-m/softfp\libc_nano.a
LOAD c:/davev4-64bit/dave-4.3.2/eclipse/arm-gcc-49/bin/../lib/gcc/arm-none-eabi/4.9.3/../../../../arm-none-eabi/lib/armv7e-m/softfp\libnosys.a
END GROUP
                0x00000800                stack_size = DEFINED (stack_size)?stack_size:0x800
                0x00000040                no_init_size = 0x40

.text           0x08000000     0x5bf4 load address 0x0c000000
                0x08000000                sText = .
 *(.reset)
 .reset         0x08000000      0x2b4 ./Startup/startup_XMC4500.o
                0x08000000                __Vectors
                0x08000200                Reset_Handler
                0x080002b0                DSD0_7_IRQHandler
                0x080002b0                DebugMon_Handler
                0x080002b0                VADC0_C0_0_IRQHandler
                0x080002b0                CAN0_4_IRQHandler
                0x080002b0                VADC0_G2_0_IRQHandler
                0x080002b0                USIC0_5_IRQHandler
                0x080002b0                POSIF0_0_IRQHandler
                0x080002b0                POSIF1_0_IRQHandler
                0x080002b0                HardFault_Handler
                0x080002b0                VADC0_G1_1_IRQHandler
                0x080002b0                SysTick_Handler
                0x080002b0                PendSV_Handler
                0x080002b0                NMI_Handler
                0x080002b0                USIC1_3_IRQHandler
                0x080002b0                CCU40_2_IRQHandler
                0x080002b0                SCU_0_IRQHandler
                0x080002b0                ERU0_0_IRQHandler
                0x080002b0                CCU41_0_IRQHandler
                0x080002b0                USIC1_5_IRQHandler
                0x080002b0                DSD0_4_IRQHandler
                0x080002b0                CCU80_1_IRQHandler
                0x080002b0                CCU81_0_IRQHandler
                0x080002b0                UsageFault_Handler
                0x080002b0                USIC0_0_IRQHandler
                0x080002b0                POSIF1_1_IRQHandler
                0x080002b0                ERU0_2_IRQHandler
                0x080002b0                CCU81_1_IRQHandler
                0x080002b0                ERU1_1_IRQHandler
                0x080002b0                VADC0_G2_3_IRQHandler
                0x080002b0                VADC0_G2_2_IRQHandler
                0x080002b0                CCU42_3_IRQHandler
                0x080002b0                ERU0_3_IRQHandler
                0x080002b0                DSD0_5_IRQHandler
                0x080002b0                VADC0_C0_3_IRQHandler
                0x080002b0                CAN0_6_IRQHandler
                0x080002b0                CCU43_0_IRQHandler
                0x080002b0                VADC0_G0_1_IRQHandler
                0x080002b0                CCU81_2_IRQHandler
                0x080002b0                USIC2_4_IRQHandler
                0x080002b0                CCU81_3_IRQHandler
                0x080002b0                CCU42_1_IRQHandler
                0x080002b0                USIC2_5_IRQHandler
                0x080002b0                CCU40_0_IRQHandler
                0x080002b0                CAN0_0_IRQHandler
                0x080002b0                ERU1_0_IRQHandler
                0x080002b0                CCU42_2_IRQHandler
                0x080002b0                Default_Handler
                0x080002b0                USIC1_4_IRQHandler
                0x080002b0                ERU1_3_IRQHandler
                0x080002b0                POSIF0_1_IRQHandler
                0x080002b0                VADC0_G0_0_IRQHandler
                0x080002b0                DSD0_2_IRQHandler
                0x080002b0                CCU80_3_IRQHandler
                0x080002b0                CCU41_3_IRQHandler
                0x080002b0                CCU80_2_IRQHandler
                0x080002b0                VADC0_G1_3_IRQHandler
                0x080002b0                VADC0_G0_3_IRQHandler
                0x080002b0                GPDMA0_0_IRQHandler
                0x080002b0                PMU0_0_IRQHandler
                0x080002b0                CAN0_7_IRQHandler
                0x080002b0                DSD0_1_IRQHandler
                0x080002b0                CCU41_2_IRQHandler
                0x080002b0                VADC0_C0_1_IRQHandler
                0x080002b0                CCU43_2_IRQHandler
                0x080002b0                USIC2_2_IRQHandler
                0x080002b0                MemManage_Handler
                0x080002b0                VADC0_G3_1_IRQHandler
                0x080002b0                DAC0_0_IRQHandler
                0x080002b0                SVC_Handler
                0x080002b0                VADC0_G3_3_IRQHandler
                0x080002b0                ERU1_2_IRQHandler
                0x080002b0                CCU41_1_IRQHandler
                0x080002b0                DSD0_6_IRQHandler
                0x080002b0                VADC0_G1_2_IRQHandler
                0x080002b0                USIC2_3_IRQHandler
                0x080002b0                CAN0_2_IRQHandler
                0x080002b0                USIC2_0_IRQHandler
                0x080002b0                VADC0_G0_2_IRQHandler
                0x080002b0                VADC0_G2_1_IRQHandler
                0x080002b0                CAN0_3_IRQHandler
                0x080002b0                ETH0_0_IRQHandler
                0x080002b0                USIC0_3_IRQHandler
                0x080002b0                DSD0_0_IRQHandler
                0x080002b0                VADC0_C0_2_IRQHandler
                0x080002b0                CCU42_0_IRQHandler
                0x080002b0                FCE0_0_IRQHandler
                0x080002b0                VADC0_G1_0_IRQHandler
                0x080002b0                USB0_0_IRQHandler
                0x080002b0                CAN0_5_IRQHandler
                0x080002b0                CCU80_0_IRQHandler
                0x080002b0                CCU40_1_IRQHandler
                0x080002b0                USIC2_1_IRQHandler
                0x080002b0                USIC0_1_IRQHandler
                0x080002b0                VADC0_G3_2_IRQHandler
                0x080002b0                CCU40_3_IRQHandler
                0x080002b0                BusFault_Handler
                0x080002b0                LEDTS0_0_IRQHandler
                0x080002b0                USIC0_4_IRQHandler
                0x080002b0                CCU43_3_IRQHandler
                0x080002b0                ERU0_1_IRQHandler
                0x080002b0                VADC0_G3_0_IRQHandler
                0x080002b0                USIC1_2_IRQHandler
                0x080002b0                DSD0_3_IRQHandler
                0x080002b0                SDMMC0_0_IRQHandler
                0x080002b0                CAN0_1_IRQHandler
                0x080002b0                USIC0_2_IRQHandler
                0x080002b0                DAC0_1_IRQHandler
                0x080002b0                GPDMA1_0_IRQHandler
 *(.text .text.* .gnu.linkonce.t.*)
 .text.SystemInit
                0x080002b4       0x20 ./Startup/system_XMC4500.o
                0x080002b4                SystemInit
 .text.SystemCoreClockUpdate
                0x080002d4       0xd4 ./Startup/system_XMC4500.o
                0x080002d4                SystemCoreClockUpdate
 .text.XMC_GPIO_Init
                0x080003a8      0x140 ./Libraries/XMCLib/src/xmc4_gpio.o
                0x080003a8                XMC_GPIO_Init
 .text.XMC_SCU_CLOCK_GetCpuClockFrequency
                0x080004e8       0x18 ./Libraries/XMCLib/src/xmc4_scu.o
 .text.XMC_SCU_GetMirrorStatus
                0x08000500       0x18 ./Libraries/XMCLib/src/xmc4_scu.o
 .text.XMC_SCU_lDelay
                0x08000518       0x44 ./Libraries/XMCLib/src/xmc4_scu.o
 .text.XMC_SCU_CLOCK_Init
                0x0800055c       0xec ./Libraries/XMCLib/src/xmc4_scu.o
                0x0800055c                XMC_SCU_CLOCK_Init
 .text.XMC_SCU_RESET_DeassertPeripheralReset
                0x08000648       0x38 ./Libraries/XMCLib/src/xmc4_scu.o
                0x08000648                XMC_SCU_RESET_DeassertPeripheralReset
 .text.XMC_SCU_CLOCK_GetPeripheralClockFrequency
                0x08000680       0x20 ./Libraries/XMCLib/src/xmc4_scu.o
                0x08000680                XMC_SCU_CLOCK_GetPeripheralClockFrequency
 .text.XMC_SCU_CLOCK_SetSystemClockSource
                0x080006a0       0x28 ./Libraries/XMCLib/src/xmc4_scu.o
                0x080006a0                XMC_SCU_CLOCK_SetSystemClockSource
 .text.XMC_SCU_CLOCK_SetUsbClockSource
                0x080006c8       0x28 ./Libraries/XMCLib/src/xmc4_scu.o
                0x080006c8                XMC_SCU_CLOCK_SetUsbClockSource
 .text.XMC_SCU_CLOCK_SetWdtClockSource
                0x080006f0       0x28 ./Libraries/XMCLib/src/xmc4_scu.o
                0x080006f0                XMC_SCU_CLOCK_SetWdtClockSource
 .text.XMC_SCU_CLOCK_SetSystemPllClockSource
                0x08000718       0x40 ./Libraries/XMCLib/src/xmc4_scu.o
                0x08000718                XMC_SCU_CLOCK_SetSystemPllClockSource
 .text.XMC_SCU_HIB_SetRtcClockSource
                0x08000758       0x3c ./Libraries/XMCLib/src/xmc4_scu.o
                0x08000758                XMC_SCU_HIB_SetRtcClockSource
 .text.XMC_SCU_HIB_SetStandbyClockSource
                0x08000794       0x3c ./Libraries/XMCLib/src/xmc4_scu.o
                0x08000794                XMC_SCU_HIB_SetStandbyClockSource
 .text.XMC_SCU_CLOCK_SetSystemClockDivider
                0x080007d0       0x28 ./Libraries/XMCLib/src/xmc4_scu.o
                0x080007d0                XMC_SCU_CLOCK_SetSystemClockDivider
 .text.XMC_SCU_CLOCK_SetCcuClockDivider
                0x080007f8       0x28 ./Libraries/XMCLib/src/xmc4_scu.o
                0x080007f8                XMC_SCU_CLOCK_SetCcuClockDivider
 .text.XMC_SCU_CLOCK_SetCpuClockDivider
                0x08000820       0x28 ./Libraries/XMCLib/src/xmc4_scu.o
                0x08000820                XMC_SCU_CLOCK_SetCpuClockDivider
 .text.XMC_SCU_CLOCK_SetPeripheralClockDivider
                0x08000848       0x28 ./Libraries/XMCLib/src/xmc4_scu.o
                0x08000848                XMC_SCU_CLOCK_SetPeripheralClockDivider
 .text.XMC_SCU_CLOCK_SetUsbClockDivider
                0x08000870       0x28 ./Libraries/XMCLib/src/xmc4_scu.o
                0x08000870                XMC_SCU_CLOCK_SetUsbClockDivider
 .text.XMC_SCU_CLOCK_SetEbuClockDivider
                0x08000898       0x28 ./Libraries/XMCLib/src/xmc4_scu.o
                0x08000898                XMC_SCU_CLOCK_SetEbuClockDivider
 .text.XMC_SCU_CLOCK_SetWdtClockDivider
                0x080008c0       0x28 ./Libraries/XMCLib/src/xmc4_scu.o
                0x080008c0                XMC_SCU_CLOCK_SetWdtClockDivider
 .text.XMC_SCU_CLOCK_EnableClock
                0x080008e8       0x20 ./Libraries/XMCLib/src/xmc4_scu.o
                0x080008e8                XMC_SCU_CLOCK_EnableClock
 .text.XMC_SCU_CLOCK_StartUsbPll
                0x08000908       0x74 ./Libraries/XMCLib/src/xmc4_scu.o
                0x08000908                XMC_SCU_CLOCK_StartUsbPll
 .text.XMC_SCU_CLOCK_SetBackupClockCalibrationMode
                0x0800097c       0x4c ./Libraries/XMCLib/src/xmc4_scu.o
                0x0800097c                XMC_SCU_CLOCK_SetBackupClockCalibrationMode
 .text.XMC_SCU_HIB_EnableHibernateDomain
                0x080009c8       0x58 ./Libraries/XMCLib/src/xmc4_scu.o
                0x080009c8                XMC_SCU_HIB_EnableHibernateDomain
 .text.XMC_SCU_CLOCK_IsLowPowerOscillatorStable
                0x08000a20       0x24 ./Libraries/XMCLib/src/xmc4_scu.o
                0x08000a20                XMC_SCU_CLOCK_IsLowPowerOscillatorStable
 .text.XMC_SCU_CLOCK_EnableLowPowerOscillator
                0x08000a44       0x68 ./Libraries/XMCLib/src/xmc4_scu.o
                0x08000a44                XMC_SCU_CLOCK_EnableLowPowerOscillator
 .text.XMC_SCU_CLOCK_EnableHighPerformanceOscillator
                0x08000aac       0x50 ./Libraries/XMCLib/src/xmc4_scu.o
                0x08000aac                XMC_SCU_CLOCK_EnableHighPerformanceOscillator
 .text.XMC_SCU_CLOCK_IsHighPerformanceOscillatorStable
                0x08000afc       0x28 ./Libraries/XMCLib/src/xmc4_scu.o
                0x08000afc                XMC_SCU_CLOCK_IsHighPerformanceOscillatorStable
 .text.XMC_SCU_CLOCK_EnableSystemPll
                0x08000b24       0x20 ./Libraries/XMCLib/src/xmc4_scu.o
                0x08000b24                XMC_SCU_CLOCK_EnableSystemPll
 .text.XMC_SCU_CLOCK_DisableSystemPll
                0x08000b44       0x20 ./Libraries/XMCLib/src/xmc4_scu.o
                0x08000b44                XMC_SCU_CLOCK_DisableSystemPll
 .text.XMC_SCU_CLOCK_StartSystemPll
                0x08000b64      0x174 ./Libraries/XMCLib/src/xmc4_scu.o
                0x08000b64                XMC_SCU_CLOCK_StartSystemPll
 .text.XMC_SCU_CLOCK_StepSystemPllFrequency
                0x08000cd8       0x2c ./Libraries/XMCLib/src/xmc4_scu.o
                0x08000cd8                XMC_SCU_CLOCK_StepSystemPllFrequency
 .text.XMC_CCU4_StartPrescaler
                0x08000d04       0x20 ./Libraries/XMCLib/src/xmc_ccu4.o
 .text.XMC_CCU4_lDeassertReset
                0x08000d24       0x60 ./Libraries/XMCLib/src/xmc_ccu4.o
 .text.XMC_CCU4_EnableModule
                0x08000d84       0x1c ./Libraries/XMCLib/src/xmc_ccu4.o
                0x08000d84                XMC_CCU4_EnableModule
 .text.XMC_CCU4_Init
                0x08000da0       0x3c ./Libraries/XMCLib/src/xmc_ccu4.o
                0x08000da0                XMC_CCU4_Init
 .text.XMC_CCU4_SLICE_CompareInit
                0x08000ddc       0x6c ./Libraries/XMCLib/src/xmc_ccu4.o
                0x08000ddc                XMC_CCU4_SLICE_CompareInit
 .text.XMC_CCU4_SLICE_SetPrescaler
                0x08000e48       0x3c ./Libraries/XMCLib/src/xmc_ccu4.o
                0x08000e48                XMC_CCU4_SLICE_SetPrescaler
 .text.XMC_CCU4_SLICE_SetInterruptNode
                0x08000e84       0xb0 ./Libraries/XMCLib/src/xmc_ccu4.o
                0x08000e84                XMC_CCU4_SLICE_SetInterruptNode
 .text.XMC_DAC_CH_EnableOutput
                0x08000f34       0x30 ./Libraries/XMCLib/src/xmc_dac.o
 .text.XMC_DAC_CH_EnablePatternSignOutput
                0x08000f64       0x30 ./Libraries/XMCLib/src/xmc_dac.o
 .text.XMC_DAC_CH_DisablePatternSignOutput
                0x08000f94       0x30 ./Libraries/XMCLib/src/xmc_dac.o
 .text.XMC_DAC_CH_SetRampStart
                0x08000fc4       0x28 ./Libraries/XMCLib/src/xmc_dac.o
 .text.XMC_DAC_CH_SetRampStop
                0x08000fec       0x3c ./Libraries/XMCLib/src/xmc_dac.o
 .text.XMC_DAC_CH_SetTrigger
                0x08001028       0x34 ./Libraries/XMCLib/src/xmc_dac.o
 .text.XMC_DAC_CH_SetMode
                0x0800105c       0x34 ./Libraries/XMCLib/src/xmc_dac.o
 .text.XMC_DAC_Enable
                0x08001090       0x18 ./Libraries/XMCLib/src/xmc_dac.o
                0x08001090                XMC_DAC_Enable
 .text.XMC_DAC_CH_Init
                0x080010a8       0x48 ./Libraries/XMCLib/src/xmc_dac.o
                0x080010a8                XMC_DAC_CH_Init
 .text.XMC_DAC_CH_SetFrequency
                0x080010f0       0x60 ./Libraries/XMCLib/src/xmc_dac.o
                0x080010f0                XMC_DAC_CH_SetFrequency
 .text.XMC_DAC_CH_SetRampFrequency
                0x08001150       0x50 ./Libraries/XMCLib/src/xmc_dac.o
                0x08001150                XMC_DAC_CH_SetRampFrequency
 .text.XMC_DAC_CH_StartSingleValueMode
                0x080011a0       0x24 ./Libraries/XMCLib/src/xmc_dac.o
                0x080011a0                XMC_DAC_CH_StartSingleValueMode
 .text.XMC_DAC_CH_StartDataMode
                0x080011c4       0x60 ./Libraries/XMCLib/src/xmc_dac.o
                0x080011c4                XMC_DAC_CH_StartDataMode
 .text.XMC_DAC_CH_StartRampMode
                0x08001224       0x88 ./Libraries/XMCLib/src/xmc_dac.o
                0x08001224                XMC_DAC_CH_StartRampMode
 .text.XMC_DAC_CH_StartPatternMode
                0x080012ac       0x90 ./Libraries/XMCLib/src/xmc_dac.o
                0x080012ac                XMC_DAC_CH_StartPatternMode
 .text.XMC_DAC_CH_StartNoiseMode
                0x0800133c       0x60 ./Libraries/XMCLib/src/xmc_dac.o
                0x0800133c                XMC_DAC_CH_StartNoiseMode
 .text.XMC_DAC_CH_SetPattern
                0x0800139c       0xa0 ./Libraries/XMCLib/src/xmc_dac.o
                0x0800139c                XMC_DAC_CH_SetPattern
 .text.XMC_GPIO_SetHardwareControl
                0x0800143c       0x44 ./Libraries/XMCLib/src/xmc_gpio.o
                0x0800143c                XMC_GPIO_SetHardwareControl
 .text.XMC_USIC_CH_GetTransmitBufferStatus
                0x08001480       0x20 ./Libraries/XMCLib/src/xmc_uart.o
 .text.XMC_UART_CH_ClearStatusFlag
                0x080014a0       0x1c ./Libraries/XMCLib/src/xmc_uart.o
 .text.XMC_UART_CH_Init
                0x080014bc       0xac ./Libraries/XMCLib/src/xmc_uart.o
                0x080014bc                XMC_UART_CH_Init
 .text.XMC_UART_CH_Transmit
                0x08001568       0x4c ./Libraries/XMCLib/src/xmc_uart.o
                0x08001568                XMC_UART_CH_Transmit
 .text.XMC_UART_CH_GetReceivedData
                0x080015b4       0x34 ./Libraries/XMCLib/src/xmc_uart.o
                0x080015b4                XMC_UART_CH_GetReceivedData
 .text.XMC_USIC_CH_Enable
                0x080015e8       0x98 ./Libraries/XMCLib/src/xmc_usic.o
                0x080015e8                XMC_USIC_CH_Enable
 .text.XMC_USIC_CH_SetBaudrate
                0x08001680       0xe0 ./Libraries/XMCLib/src/xmc_usic.o
                0x08001680                XMC_USIC_CH_SetBaudrate
 .text.XMC_USIC_CH_TXFIFO_Configure
                0x08001760       0x50 ./Libraries/XMCLib/src/xmc_usic.o
                0x08001760                XMC_USIC_CH_TXFIFO_Configure
 .text.XMC_USIC_CH_RXFIFO_Configure
                0x080017b0       0x54 ./Libraries/XMCLib/src/xmc_usic.o
                0x080017b0                XMC_USIC_CH_RXFIFO_Configure
 .text.XMC_USIC_CH_RXFIFO_SetSizeTriggerLimit
                0x08001804       0x44 ./Libraries/XMCLib/src/xmc_usic.o
                0x08001804                XMC_USIC_CH_RXFIFO_SetSizeTriggerLimit
 .text.XMC_USIC_CH_SetInterruptNodePointer
                0x08001848       0x38 ./Libraries/XMCLib/src/xmc_usic.o
                0x08001848                XMC_USIC_CH_SetInterruptNodePointer
 .text.XMC_USIC_CH_TXFIFO_SetInterruptNodePointer
                0x08001880       0x3c ./Libraries/XMCLib/src/xmc_usic.o
                0x08001880                XMC_USIC_CH_TXFIFO_SetInterruptNodePointer
 .text.XMC_USIC_CH_RXFIFO_SetInterruptNodePointer
                0x080018bc       0x3c ./Libraries/XMCLib/src/xmc_usic.o
                0x080018bc                XMC_USIC_CH_RXFIFO_SetInterruptNodePointer
 .text.XMC_USIC_Enable
                0x080018f8       0x54 ./Libraries/XMCLib/src/xmc_usic.o
                0x080018f8                XMC_USIC_Enable
 .text._init    0x0800194c        0xc ./Libraries/Newlib/syscalls.o
                0x0800194c                _init
 .text.XMC_USIC_CH_EnableEvent
                0x08001958       0x20 ./Dave/Generated/UART/uart.o
 .text.XMC_USIC_CH_DisableEvent
                0x08001978       0x24 ./Dave/Generated/UART/uart.o
 .text.XMC_USIC_CH_GetTransmitBufferStatus
                0x0800199c       0x20 ./Dave/Generated/UART/uart.o
 .text.XMC_USIC_CH_TriggerServiceRequest
                0x080019bc       0x20 ./Dave/Generated/UART/uart.o
 .text.XMC_USIC_CH_TXFIFO_EnableEvent
                0x080019dc       0x24 ./Dave/Generated/UART/uart.o
 .text.XMC_USIC_CH_TXFIFO_DisableEvent
                0x08001a00       0x28 ./Dave/Generated/UART/uart.o
 .text.XMC_USIC_CH_TXFIFO_Flush
                0x08001a28       0x1c ./Dave/Generated/UART/uart.o
 .text.XMC_USIC_CH_TXFIFO_IsFull
                0x08001a44       0x28 ./Dave/Generated/UART/uart.o
 .text.XMC_USIC_CH_TXFIFO_IsEmpty
                0x08001a6c       0x28 ./Dave/Generated/UART/uart.o
 .text.XMC_USIC_CH_RXFIFO_EnableEvent
                0x08001a94       0x24 ./Dave/Generated/UART/uart.o
 .text.XMC_USIC_CH_RXFIFO_DisableEvent
                0x08001ab8       0x28 ./Dave/Generated/UART/uart.o
 .text.XMC_USIC_CH_RXFIFO_Flush
                0x08001ae0       0x1c ./Dave/Generated/UART/uart.o
 .text.XMC_USIC_CH_RXFIFO_IsEmpty
                0x08001afc       0x28 ./Dave/Generated/UART/uart.o
 .text.UART_Init
                0x08001b24       0x24 ./Dave/Generated/UART/uart.o
                0x08001b24                UART_Init
 .text.UART_Transmit
                0x08001b48       0x38 ./Dave/Generated/UART/uart.o
                0x08001b48                UART_Transmit
 .text.UART_Receive
                0x08001b80       0x38 ./Dave/Generated/UART/uart.o
                0x08001b80                UART_Receive
 .text.UART_StartTransmitIRQ
                0x08001bb8       0xb8 ./Dave/Generated/UART/uart.o
                0x08001bb8                UART_StartTransmitIRQ
 .text.UART_StartReceiveIRQ
                0x08001c70       0xac ./Dave/Generated/UART/uart.o
                0x08001c70                UART_StartReceiveIRQ
 .text.UART_lTransmitHandler
                0x08001d1c      0x10c ./Dave/Generated/UART/uart.o
                0x08001d1c                UART_lTransmitHandler
 .text.UART_lReceiveHandler
                0x08001e28      0x120 ./Dave/Generated/UART/uart.o
                0x08001e28                UART_lReceiveHandler
 .text.UART_lReconfigureRxFIFO
                0x08001f48       0x50 ./Dave/Generated/UART/uart.o
 .text.__NVIC_GetPriorityGrouping
                0x08001f98       0x1c ./Dave/Generated/UART/uart_conf.o
 .text.__NVIC_EnableIRQ
                0x08001fb4       0x38 ./Dave/Generated/UART/uart_conf.o
 .text.__NVIC_SetPriority
                0x08001fec       0x54 ./Dave/Generated/UART/uart_conf.o
 .text.NVIC_EncodePriority
                0x08002040       0x64 ./Dave/Generated/UART/uart_conf.o
 .text.XMC_USIC_CH_SetInputSource
                0x080020a4       0x3c ./Dave/Generated/UART/uart_conf.o
 .text.XMC_UART_CH_Start
                0x080020e0       0x24 ./Dave/Generated/UART/uart_conf.o
 .text.RS_init  0x08002104       0xc8 ./Dave/Generated/UART/uart_conf.o
                0x08002104                RS_init
 .text.USIC1_1_IRQHandler
                0x080021cc       0x10 ./Dave/Generated/UART/uart_conf.o
                0x080021cc                USIC1_1_IRQHandler
 .text.USIC1_0_IRQHandler
                0x080021dc       0x10 ./Dave/Generated/UART/uart_conf.o
                0x080021dc                USIC1_0_IRQHandler
 .text.XMC_CCU4_EnableClock
                0x080021ec       0x28 ./Dave/Generated/TIMER/timer.o
 .text.XMC_CCU4_SLICE_IsTimerRunning
                0x08002214       0x28 ./Dave/Generated/TIMER/timer.o
 .text.XMC_CCU4_SLICE_StartTimer
                0x0800223c       0x18 ./Dave/Generated/TIMER/timer.o
 .text.XMC_CCU4_SLICE_StopTimer
                0x08002254       0x18 ./Dave/Generated/TIMER/timer.o
 .text.XMC_CCU4_SLICE_ClearTimer
                0x0800226c       0x18 ./Dave/Generated/TIMER/timer.o
 .text.XMC_CCU4_SLICE_SetTimerPeriodMatch
                0x08002284       0x1c ./Dave/Generated/TIMER/timer.o
 .text.XMC_CCU4_SLICE_SetTimerCompareMatch
                0x080022a0       0x1c ./Dave/Generated/TIMER/timer.o
 .text.XMC_CCU4_EnableShadowTransfer
                0x080022bc       0x1c ./Dave/Generated/TIMER/timer.o
 .text.XMC_CCU4_SLICE_EnableEvent
                0x080022d8       0x2c ./Dave/Generated/TIMER/timer.o
 .text.TIMER_Init
                0x08002304       0x3c ./Dave/Generated/TIMER/timer.o
                0x08002304                TIMER_Init
 .text.TIMER_Start
                0x08002340       0x3c ./Dave/Generated/TIMER/timer.o
                0x08002340                TIMER_Start
 .text.TIMER_Stop
                0x0800237c       0x48 ./Dave/Generated/TIMER/timer.o
                0x0800237c                TIMER_Stop
 .text.TIMER_GetTimerStatus
                0x080023c4       0x30 ./Dave/Generated/TIMER/timer.o
                0x080023c4                TIMER_GetTimerStatus
 *fill*         0x080023f4        0x4 
 .text.TIMER_SetTimeInterval
                0x080023f8      0x128 ./Dave/Generated/TIMER/timer.o
                0x080023f8                TIMER_SetTimeInterval
 .text.TIMER_CCU4_lInit
                0x08002520       0x98 ./Dave/Generated/TIMER/timer.o
                0x08002520                TIMER_CCU4_lInit
 .text.TIMER_CCU4_lShadowTransfer
                0x080025b8       0x3c ./Dave/Generated/TIMER/timer.o
                0x080025b8                TIMER_CCU4_lShadowTransfer
 .text.__NVIC_GetPriorityGrouping
                0x080025f4       0x1c ./Dave/Generated/INTERRUPT/interrupt.o
 .text.__NVIC_EnableIRQ
                0x08002610       0x38 ./Dave/Generated/INTERRUPT/interrupt.o
 .text.__NVIC_SetPriority
                0x08002648       0x54 ./Dave/Generated/INTERRUPT/interrupt.o
 .text.NVIC_EncodePriority
                0x0800269c       0x64 ./Dave/Generated/INTERRUPT/interrupt.o
 .text.INTERRUPT_Enable
                0x08002700       0x1c ./Dave/Generated/INTERRUPT/interrupt.o
 .text.INTERRUPT_Init
                0x0800271c       0x4c ./Dave/Generated/INTERRUPT/interrupt.o
                0x0800271c                INTERRUPT_Init
 .text.XMC_CCU4_StartPrescaler
                0x08002768       0x20 ./Dave/Generated/GLOBAL_CCU4/global_ccu4.o
 .text.GLOBAL_CCU4_Init
                0x08002788       0x40 ./Dave/Generated/GLOBAL_CCU4/global_ccu4.o
                0x08002788                GLOBAL_CCU4_Init
 .text.DIGITAL_IO_Init
                0x080027c8       0x40 ./Dave/Generated/DIGITAL_IO/digital_io.o
                0x080027c8                DIGITAL_IO_Init
 .text.XMC_DAC_EnableSimultaneousDataMode
                0x08002808       0x20 ./Dave/Generated/DAC/dac.o
 .text.XMC_DAC_CH_Write
                0x08002828       0x28 ./Dave/Generated/DAC/dac.o
 .text.XMC_DAC_CH_SetMode
                0x08002850       0x34 ./Dave/Generated/DAC/dac.o
 .text.XMC_DAC_CH_EnableEvent
                0x08002884       0x30 ./Dave/Generated/DAC/dac.o
 .text.XMC_DAC_CH_SetOutputScale
                0x080028b4       0x38 ./Dave/Generated/DAC/dac.o
 .text.DAC_ModeConfig
                0x080028ec      0x158 ./Dave/Generated/DAC/dac.o
                0x080028ec                DAC_ModeConfig
 .text.DAC_Init
                0x08002a44       0x74 ./Dave/Generated/DAC/dac.o
                0x08002a44                DAC_Init
 .text.__NVIC_SetPriorityGrouping
                0x08002ab8       0x48 ./Dave/Generated/CPU_CTRL_XMC4/cpu_ctrl_xmc4_conf.o
 .text.SystemCoreSetup
                0x08002b00       0xa0 ./Dave/Generated/CPU_CTRL_XMC4/cpu_ctrl_xmc4_conf.o
                0x08002b00                SystemCoreSetup
 .text.CLOCK_XMC4_Init
                0x08002ba0       0x20 ./Dave/Generated/CLOCK_XMC4/clock_xmc4.o
                0x08002ba0                CLOCK_XMC4_Init
 .text.OSCHP_GetFrequency
                0x08002bc0       0x14 ./Dave/Generated/CLOCK_XMC4/clock_xmc4.o
                0x08002bc0                OSCHP_GetFrequency
 .text.SystemCoreClockSetup
                0x08002bd4       0x54 ./Dave/Generated/CLOCK_XMC4/clock_xmc4_conf.o
                0x08002bd4                SystemCoreClockSetup
 .text.DAVE_Init
                0x08002c28       0x9c ./Dave/Generated/DAVE.o
                0x08002c28                DAVE_Init
 .text.XMC_GPIO_SetOutputHigh
                0x08002cc4       0x20 ./main.o
 .text.XMC_GPIO_SetOutputLow
                0x08002ce4       0x24 ./main.o
 .text.UART_IsTxBusy
                0x08002d08       0x1c ./main.o
 .text.DIGITAL_IO_SetOutputHigh
                0x08002d24       0x20 ./main.o
 .text.DIGITAL_IO_SetOutputLow
                0x08002d44       0x20 ./main.o
 .text.wyslij   0x08002d64       0x40 ./main.o
                0x08002d64                wyslij
 .text.delay    0x08002da4       0x44 ./main.o
                0x08002da4                delay
 .text.wyslij_noga
                0x08002de8       0x80 ./main.o
                0x08002de8                wyslij_noga
 .text.Ik       0x08002e68      0x1dc ./main.o
                0x08002e68                Ik
 .text.update   0x08003044      0x10c ./main.o
                0x08003044                update
 .text.FK_Circle
                0x08003150       0x3c ./main.o
                0x08003150                FK_Circle
 .text.Spring   0x0800318c       0x84 ./main.o
                0x0800318c                Spring
 .text.Init     0x08003210       0xc0 ./main.o
                0x08003210                Init
 .text.CCU43_1_IRQHandler
                0x080032d0       0x18 ./main.o
                0x080032d0                CCU43_1_IRQHandler
 .text.main     0x080032e8       0x4c ./main.o
                0x080032e8                main
 .text.XMC_Init
                0x08003334       0x54 ./main.o
                0x08003334                XMC_Init
 .text.XMC_Check
                0x08003388       0x58 ./main.o
                0x08003388                XMC_Check
 .text.eorx     0x080033e0       0x80 ./main.o
                0x080033e0                eorx
 .text.eotx     0x08003460        0xc ./main.o
                0x08003460                eotx
 .text.interpreter_wiadomosci
                0x0800346c       0xb8 ./main.o
                0x0800346c                interpreter_wiadomosci
 .text.sinf     0x08003524       0x9c c:/davev4-64bit/dave-4.3.2/eclipse/arm-gcc-49/bin/../lib/gcc/arm-none-eabi/4.9.3/../../../../arm-none-eabi/lib/armv7e-m/softfp\libm.a(lib_a-sf_sin.o)
                0x08003524                sinf
 .text.acosf    0x080035c0       0xa4 c:/davev4-64bit/dave-4.3.2/eclipse/arm-gcc-49/bin/../lib/gcc/arm-none-eabi/4.9.3/../../../../arm-none-eabi/lib/armv7e-m/softfp\libm.a(lib_a-wf_acos.o)
                0x080035c0                acosf
 .text.asinf    0x08003664       0xa4 c:/davev4-64bit/dave-4.3.2/eclipse/arm-gcc-49/bin/../lib/gcc/arm-none-eabi/4.9.3/../../../../arm-none-eabi/lib/armv7e-m/softfp\libm.a(lib_a-wf_asin.o)
                0x08003664                asinf
 .text.sqrtf    0x08003708       0xb0 c:/davev4-64bit/dave-4.3.2/eclipse/arm-gcc-49/bin/../lib/gcc/arm-none-eabi/4.9.3/../../../../arm-none-eabi/lib/armv7e-m/softfp\libm.a(lib_a-wf_sqrt.o)
                0x08003708                sqrtf
 .text.__ieee754_acosf
                0x080037b8      0x254 c:/davev4-64bit/dave-4.3.2/eclipse/arm-gcc-49/bin/../lib/gcc/arm-none-eabi/4.9.3/../../../../arm-none-eabi/lib/armv7e-m/softfp\libm.a(lib_a-ef_acos.o)
                0x080037b8                __ieee754_acosf
 .text.__ieee754_asinf
                0x08003a0c      0x214 c:/davev4-64bit/dave-4.3.2/eclipse/arm-gcc-49/bin/../lib/gcc/arm-none-eabi/4.9.3/../../../../arm-none-eabi/lib/armv7e-m/softfp\libm.a(lib_a-ef_asin.o)
                0x08003a0c                __ieee754_asinf
 .text.__ieee754_rem_pio2f
                0x08003c20      0x298 c:/davev4-64bit/dave-4.3.2/eclipse/arm-gcc-49/bin/../lib/gcc/arm-none-eabi/4.9.3/../../../../arm-none-eabi/lib/armv7e-m/softfp\libm.a(lib_a-ef_rem_pio2.o)
                0x08003c20                __ieee754_rem_pio2f
 .text.__ieee754_sqrtf
                0x08003eb8       0xac c:/davev4-64bit/dave-4.3.2/eclipse/arm-gcc-49/bin/../lib/gcc/arm-none-eabi/4.9.3/../../../../arm-none-eabi/lib/armv7e-m/softfp\libm.a(lib_a-ef_sqrt.o)
                0x08003eb8                __ieee754_sqrtf
 .text.__kernel_cosf
                0x08003f64      0x114 c:/davev4-64bit/dave-4.3.2/eclipse/arm-gcc-49/bin/../lib/gcc/arm-none-eabi/4.9.3/../../../../arm-none-eabi/lib/armv7e-m/softfp\libm.a(lib_a-kf_cos.o)
                0x08003f64                __kernel_cosf
 .text.__kernel_rem_pio2f
                0x08004078      0x628 c:/davev4-64bit/dave-4.3.2/eclipse/arm-gcc-49/bin/../lib/gcc/arm-none-eabi/4.9.3/../../../../arm-none-eabi/lib/armv7e-m/softfp\libm.a(lib_a-kf_rem_pio2.o)
                0x08004078                __kernel_rem_pio2f
 .text.__kernel_sinf
                0x080046a0       0x9c c:/davev4-64bit/dave-4.3.2/eclipse/arm-gcc-49/bin/../lib/gcc/arm-none-eabi/4.9.3/../../../../arm-none-eabi/lib/armv7e-m/softfp\libm.a(lib_a-kf_sin.o)
                0x080046a0                __kernel_sinf
 .text.matherr  0x0800473c        0x4 c:/davev4-64bit/dave-4.3.2/eclipse/arm-gcc-49/bin/../lib/gcc/arm-none-eabi/4.9.3/../../../../arm-none-eabi/lib/armv7e-m/softfp\libm.a(lib_a-s_matherr.o)
                0x0800473c                matherr
 .text.nan      0x08004740        0xc c:/davev4-64bit/dave-4.3.2/eclipse/arm-gcc-49/bin/../lib/gcc/arm-none-eabi/4.9.3/../../../../arm-none-eabi/lib/armv7e-m/softfp\libm.a(lib_a-s_nan.o)
                0x08004740                nan
 .text.fabsf    0x0800474c        0x8 c:/davev4-64bit/dave-4.3.2/eclipse/arm-gcc-49/bin/../lib/gcc/arm-none-eabi/4.9.3/../../../../arm-none-eabi/lib/armv7e-m/softfp\libm.a(lib_a-sf_fabs.o)
                0x0800474c                fabsf
 .text.floorf   0x08004754       0xb4 c:/davev4-64bit/dave-4.3.2/eclipse/arm-gcc-49/bin/../lib/gcc/arm-none-eabi/4.9.3/../../../../arm-none-eabi/lib/armv7e-m/softfp\libm.a(lib_a-sf_floor.o)
                0x08004754                floorf
 .text.__fpclassifyf
                0x08004808       0x34 c:/davev4-64bit/dave-4.3.2/eclipse/arm-gcc-49/bin/../lib/gcc/arm-none-eabi/4.9.3/../../../../arm-none-eabi/lib/armv7e-m/softfp\libm.a(lib_a-sf_fpclassify.o)
                0x08004808                __fpclassifyf
 .text.scalbnf  0x0800483c      0x100 c:/davev4-64bit/dave-4.3.2/eclipse/arm-gcc-49/bin/../lib/gcc/arm-none-eabi/4.9.3/../../../../arm-none-eabi/lib/armv7e-m/softfp\libm.a(lib_a-sf_scalbn.o)
                0x0800483c                scalbnf
 .text.copysignf
                0x0800493c        0xc c:/davev4-64bit/dave-4.3.2/eclipse/arm-gcc-49/bin/../lib/gcc/arm-none-eabi/4.9.3/../../../../arm-none-eabi/lib/armv7e-m/softfp\libm.a(lib_a-sf_copysign.o)
                0x0800493c                copysignf
 .text          0x08004948      0x370 c:/davev4-64bit/dave-4.3.2/eclipse/arm-gcc-49/bin/../lib/gcc/arm-none-eabi/4.9.3/armv7e-m/softfp\libgcc.a(_arm_addsubdf3.o)
                0x08004948                __aeabi_drsub
                0x08004950                __aeabi_dsub
                0x08004950                __subdf3
                0x08004954                __aeabi_dadd
                0x08004954                __adddf3
                0x08004bcc                __floatunsidf
                0x08004bcc                __aeabi_ui2d
                0x08004bec                __floatsidf
                0x08004bec                __aeabi_i2d
                0x08004c10                __aeabi_f2d
                0x08004c10                __extendsfdf2
                0x08004c4c                __floatundidf
                0x08004c4c                __aeabi_ul2d
                0x08004c5c                __floatdidf
                0x08004c5c                __aeabi_l2d
 .text          0x08004cb8      0x424 c:/davev4-64bit/dave-4.3.2/eclipse/arm-gcc-49/bin/../lib/gcc/arm-none-eabi/4.9.3/armv7e-m/softfp\libgcc.a(_arm_muldivdf3.o)
                0x08004cb8                __aeabi_dmul
                0x08004cb8                __muldf3
                0x08004f0c                __divdf3
                0x08004f0c                __aeabi_ddiv
 .text          0x080050dc       0xa0 c:/davev4-64bit/dave-4.3.2/eclipse/arm-gcc-49/bin/../lib/gcc/arm-none-eabi/4.9.3/armv7e-m/softfp\libgcc.a(_arm_truncdfsf2.o)
                0x080050dc                __truncdfsf2
                0x080050dc                __aeabi_d2f
 .text          0x0800517c       0x2c c:/davev4-64bit/dave-4.3.2/eclipse/arm-gcc-49/bin/../lib/gcc/arm-none-eabi/4.9.3/armv7e-m/softfp\libgcc.a(_aeabi_uldivmod.o)
                0x0800517c                __aeabi_uldivmod
 .text          0x080051a8       0x60 c:/davev4-64bit/dave-4.3.2/eclipse/arm-gcc-49/bin/../lib/gcc/arm-none-eabi/4.9.3/armv7e-m/softfp\libgcc.a(bpabi.o)
                0x080051a8                __gnu_ldivmod_helper
                0x080051d8                __gnu_uldivmod_helper
 .text          0x08005208        0x4 c:/davev4-64bit/dave-4.3.2/eclipse/arm-gcc-49/bin/../lib/gcc/arm-none-eabi/4.9.3/armv7e-m/softfp\libgcc.a(_dvmd_tls.o)
                0x08005208                __aeabi_idiv0
                0x08005208                __aeabi_ldiv0
 .text          0x0800520c      0x29c c:/davev4-64bit/dave-4.3.2/eclipse/arm-gcc-49/bin/../lib/gcc/arm-none-eabi/4.9.3/armv7e-m/softfp\libgcc.a(_divdi3.o)
                0x0800520c                __divdi3
 .text          0x080054a8      0x26c c:/davev4-64bit/dave-4.3.2/eclipse/arm-gcc-49/bin/../lib/gcc/arm-none-eabi/4.9.3/armv7e-m/softfp\libgcc.a(_udivdi3.o)
                0x080054a8                __udivdi3
 .text.__errno  0x08005714        0xc c:/davev4-64bit/dave-4.3.2/eclipse/arm-gcc-49/bin/../lib/gcc/arm-none-eabi/4.9.3/../../../../arm-none-eabi/lib/armv7e-m/softfp\libg_nano.a(lib_a-errno.o)
                0x08005714                __errno
 .text.__libc_init_array
                0x08005720       0x4c c:/davev4-64bit/dave-4.3.2/eclipse/arm-gcc-49/bin/../lib/gcc/arm-none-eabi/4.9.3/../../../../arm-none-eabi/lib/armv7e-m/softfp\libg_nano.a(lib_a-init.o)
                0x08005720                __libc_init_array
 .text.memcpy   0x0800576c       0x16 c:/davev4-64bit/dave-4.3.2/eclipse/arm-gcc-49/bin/../lib/gcc/arm-none-eabi/4.9.3/../../../../arm-none-eabi/lib/armv7e-m/softfp\libg_nano.a(lib_a-memcpy.o)
                0x0800576c                memcpy
 *(.init)
 *(.fini)
 *crtbegin.o(.ctors)
 *crtbegin?.o(.ctors)
 *(EXCLUDE_FILE(*crtend.o *crtend?.o) .ctors)
 *(SORT(.ctors.*))
 *(.ctors)
 *crtbegin.o(.dtors)
 *crtbegin?.o(.dtors)
 *(EXCLUDE_FILE(*crtend.o *crtend?.o) .dtors)
 *(SORT(.dtors.*))
 *(.dtors)
 *(.rodata .rodata.*)
 *fill*         0x08005782        0x2 
 .rodata.RS_channel_config
                0x08005784        0xc ./Dave/Generated/UART/uart_conf.o
                0x08005784                RS_channel_config
 .rodata.RS_tx_pin_config
                0x08005790        0xc ./Dave/Generated/UART/uart_conf.o
                0x08005790                RS_tx_pin_config
 .rodata.RS_tx_pin
                0x0800579c        0xc ./Dave/Generated/UART/uart_conf.o
                0x0800579c                RS_tx_pin
 .rodata.RS_config
                0x080057a8       0x30 ./Dave/Generated/UART/uart_conf.o
                0x080057a8                RS_config
 .rodata.TIM_IRQ
                0x080057d8        0x4 ./Dave/Generated/INTERRUPT/interrupt_conf.o
                0x080057d8                TIM_IRQ
 .rodata.LED1   0x080057dc       0x14 ./Dave/Generated/DIGITAL_IO/digital_io_conf.o
                0x080057dc                LED1
 .rodata        0x080057f0       0x14 ./Dave/Generated/CLOCK_XMC4/clock_xmc4_conf.o
 .rodata.str1.4
                0x08005804        0x9 c:/davev4-64bit/dave-4.3.2/eclipse/arm-gcc-49/bin/../lib/gcc/arm-none-eabi/4.9.3/../../../../arm-none-eabi/lib/armv7e-m/softfp\libm.a(lib_a-wf_acos.o)
                                  0xc (size before relaxing)
 *fill*         0x0800580d        0x3 
 .rodata.str1.4
                0x08005810        0x6 c:/davev4-64bit/dave-4.3.2/eclipse/arm-gcc-49/bin/../lib/gcc/arm-none-eabi/4.9.3/../../../../arm-none-eabi/lib/armv7e-m/softfp\libm.a(lib_a-wf_asin.o)
                                  0xc (size before relaxing)
 *fill*         0x08005816        0x2 
 .rodata.str1.4
                0x08005818        0x8 c:/davev4-64bit/dave-4.3.2/eclipse/arm-gcc-49/bin/../lib/gcc/arm-none-eabi/4.9.3/../../../../arm-none-eabi/lib/armv7e-m/softfp\libm.a(lib_a-wf_sqrt.o)
 .rodata.npio2_hw
                0x08005820       0x80 c:/davev4-64bit/dave-4.3.2/eclipse/arm-gcc-49/bin/../lib/gcc/arm-none-eabi/4.9.3/../../../../arm-none-eabi/lib/armv7e-m/softfp\libm.a(lib_a-ef_rem_pio2.o)
 .rodata.two_over_pi
                0x080058a0      0x318 c:/davev4-64bit/dave-4.3.2/eclipse/arm-gcc-49/bin/../lib/gcc/arm-none-eabi/4.9.3/../../../../arm-none-eabi/lib/armv7e-m/softfp\libm.a(lib_a-ef_rem_pio2.o)
 .rodata.init_jk
                0x08005bb8        0xc c:/davev4-64bit/dave-4.3.2/eclipse/arm-gcc-49/bin/../lib/gcc/arm-none-eabi/4.9.3/../../../../arm-none-eabi/lib/armv7e-m/softfp\libm.a(lib_a-kf_rem_pio2.o)
 .rodata.PIo2   0x08005bc4       0x2c c:/davev4-64bit/dave-4.3.2/eclipse/arm-gcc-49/bin/../lib/gcc/arm-none-eabi/4.9.3/../../../../arm-none-eabi/lib/armv7e-m/softfp\libm.a(lib_a-kf_rem_pio2.o)
 .rodata.str1.1
                0x08005bf0        0x2 c:/davev4-64bit/dave-4.3.2/eclipse/arm-gcc-49/bin/../lib/gcc/arm-none-eabi/4.9.3/../../../../arm-none-eabi/lib/armv7e-m/softfp\libg_nano.a(lib_a-impure.o)
 *(.gnu.linkonce.r*)
 *(vtable)
                0x08005bf4                . = ALIGN (0x4)
 *fill*         0x08005bf2        0x2 

.glue_7         0x08005bf4        0x0 load address 0x0c005bf4
 .glue_7        0x00000000        0x0 linker stubs

.glue_7t        0x08005bf4        0x0 load address 0x0c005bf4
 .glue_7t       0x00000000        0x0 linker stubs

.vfp11_veneer   0x08005bf4        0x0 load address 0x0c005bf4
 .vfp11_veneer  0x00000000        0x0 linker stubs

.v4_bx          0x08005bf4        0x0 load address 0x0c005bf4
 .v4_bx         0x00000000        0x0 linker stubs

.iplt           0x08005bf4        0x0 load address 0x0c005bf4
 .iplt          0x00000000        0x0 ./Startup/startup_XMC4500.o

.eh_frame_hdr
 *(.eh_frame_hdr)

.eh_frame
 *(.eh_frame)

.ARM.extab
 *(.ARM.extab* .gnu.linkonce.armextab.*)
                0x08005bf4                . = ALIGN (0x4)
                0x08005bf4                __exidx_start = .

.ARM.exidx      0x08005bf4        0x8 load address 0x0c005bf4
 *(.ARM.exidx* .gnu.linkonce.armexidx.*)
 .ARM.exidx     0x08005bf4        0x8 c:/davev4-64bit/dave-4.3.2/eclipse/arm-gcc-49/bin/../lib/gcc/arm-none-eabi/4.9.3/armv7e-m/softfp\libgcc.a(_divdi3.o)
 .ARM.exidx     0x08005bfc        0x0 c:/davev4-64bit/dave-4.3.2/eclipse/arm-gcc-49/bin/../lib/gcc/arm-none-eabi/4.9.3/armv7e-m/softfp\libgcc.a(_udivdi3.o)
                                  0x8 (size before relaxing)
                0x08005bfc                __exidx_end = .

.rel.dyn        0x08005bfc        0x0 load address 0x0c005bfc
 .rel.iplt      0x00000000        0x0 ./Startup/startup_XMC4500.o
                0x08005bfc                . = ALIGN (0x4)

Stack           0x10000000      0x800
                0x10000000                __stack_start = .
                0x10000800                . = (. + stack_size)
 *fill*         0x10000000      0x800 
                0x10000800                __stack_end = .
                0x10000800                __initial_sp = .

.ram_code       0x10000800        0x0 load address 0x0c005bfc
                0x10000800                . = ALIGN (0x4)
                0x10000800                __ram_code_start = .
 *(.ram_code)
                0x10000800                . = ALIGN (0x4)
                0x10000800                __ram_code_end = .
                0x0c005bfc                __ram_code_load = LOADADDR (.ram_code)
                0x00000000                __ram_code_size = (__ram_code_end - __ram_code_start)

PSRAM_DATA      0x10000800        0x0 load address 0x0c005bfc
                0x10000800                . = ALIGN (0x4)
                0x10000800                __data3_start = .
 *(PSRAM_DATA)
                0x10000800                . = ALIGN (0x4)
                0x10000800                __data3_end = .
                0x0c005bfc                __data3_load = LOADADDR (PSRAM_DATA)
                0x00000000                __data3_size = (__data3_end - __data3_start)

PSRAM_BSS       0x10000800        0x0 load address 0x0c005bfc
                0x10000800                . = ALIGN (0x4)
                0x10000800                __bss3_start = .
 *(PSRAM_BSS)
                0x10000800                . = ALIGN (0x4)
                0x10000800                __bss3_end = .
                0x10000800                . = ALIGN (0x8)
                0x10000800                Heap_Bank3_Start = .
                0x00000000                __bss3_size = (__bss3_end - __bss3_start)

.data           0x20000000      0x118 load address 0x0c005bfc
                0x20000000                . = ALIGN (0x4)
                0x20000000                __data_start = .
 *(.data)
 *(.data*)
 .data.RS       0x20000000        0xc ./Dave/Generated/UART/uart_conf.o
                0x20000000                RS
 .data.DELAY    0x2000000c       0x28 ./Dave/Generated/TIMER/timer_conf.o
                0x2000000c                DELAY
 .data.GLOBAL_CCU4_0
                0x20000034       0x10 ./Dave/Generated/GLOBAL_CCU4/global_ccu4_conf.o
                0x20000034                GLOBAL_CCU4_0
 .data.IQ_zmierzone
                0x20000044       0x2c ./Dave/Generated/DAC/dac_conf.o
                0x20000044                IQ_zmierzone
 .data.IQ_zadane
                0x20000070       0x2c ./Dave/Generated/DAC/dac_conf.o
                0x20000070                IQ_zadane
 .data.pi       0x2000009c        0x4 ./main.o
                0x2000009c                pi
 .data.l1       0x200000a0        0x4 ./main.o
                0x200000a0                l1
 .data.l2       0x200000a4        0x4 ./main.o
                0x200000a4                l2
 .data.d        0x200000a8        0x4 ./main.o
                0x200000a8                d
 .data.dt       0x200000ac        0x4 ./main.o
                0x200000ac                dt
 .data.adress   0x200000b0        0x1 ./main.o
                0x200000b0                adress
 .data.is_delay
                0x200000b1        0x1 ./main.o
                0x200000b1                is_delay
 .data.__fdlib_version
                0x200000b2        0x1 c:/davev4-64bit/dave-4.3.2/eclipse/arm-gcc-49/bin/../lib/gcc/arm-none-eabi/4.9.3/../../../../arm-none-eabi/lib/armv7e-m/softfp\libm.a(lib_a-s_lib_ver.o)
                0x200000b2                __fdlib_version
 *fill*         0x200000b3        0x1 
 .data.impure_data
                0x200000b4       0x60 c:/davev4-64bit/dave-4.3.2/eclipse/arm-gcc-49/bin/../lib/gcc/arm-none-eabi/4.9.3/../../../../arm-none-eabi/lib/armv7e-m/softfp\libg_nano.a(lib_a-impure.o)
 .data._impure_ptr
                0x20000114        0x4 c:/davev4-64bit/dave-4.3.2/eclipse/arm-gcc-49/bin/../lib/gcc/arm-none-eabi/4.9.3/../../../../arm-none-eabi/lib/armv7e-m/softfp\libg_nano.a(lib_a-impure.o)
                0x20000114                _impure_ptr
 *(*.data)
 *(.gnu.linkonce.d*)
                0x20000118                . = ALIGN (0x4)
                0x20000118                PROVIDE (__preinit_array_start, .)
 *(.preinit_array)
                0x20000118                PROVIDE (__preinit_array_end, .)
                0x20000118                . = ALIGN (0x4)
                0x20000118                PROVIDE (__init_array_start, .)
 *(SORT(.init_array.*))
 *(.init_array)
                0x20000118                PROVIDE (__init_array_end, .)
                0x20000118                . = ALIGN (0x4)
                0x20000118                PROVIDE (__fini_array_start, .)
 *(SORT(.fini_array.*))
 *(.fini_array)
                0x20000118                PROVIDE (__fini_array_end, .)
                0x20000118                . = ALIGN (0x4)
                0x20000118                __data_end = .
                0x0c005bfc                __data_load = LOADADDR (.data)
                0x00000118                __data_size = (__data_end - __data_start)

.igot.plt       0x20000118        0x0 load address 0x0c005d14
 .igot.plt      0x00000000        0x0 ./Startup/startup_XMC4500.o

.bss            0x20000118       0xb8 load address 0x0c005d14
                0x20000118                . = ALIGN (0x4)
                0x20000118                __bss_start = .
 *(.bss)
 *(.bss*)
 .bss.RS_runtime
                0x20000118       0x1c ./Dave/Generated/UART/uart_conf.o
                0x20000118                RS_runtime
 .bss.DELAY_config
                0x20000134        0x8 ./Dave/Generated/TIMER/timer_conf.o
                0x20000134                DELAY_config
 .bss.IQ_zmierzone_Channel_Config
                0x2000013c        0x8 ./Dave/Generated/DAC/dac_conf.o
                0x2000013c                IQ_zmierzone_Channel_Config
 .bss.IQ_zadane_Channel_Config
                0x20000144        0x8 ./Dave/Generated/DAC/dac_conf.o
                0x20000144                IQ_zadane_Channel_Config
 .bss.CLOCK_XMC4_0
                0x2000014c        0x4 ./Dave/Generated/CLOCK_XMC4/clock_xmc4_conf.o
                0x2000014c                CLOCK_XMC4_0
 .bss.t         0x20000150        0x4 ./main.o
                0x20000150                t
 .bss.rxByte    0x20000154        0x1 ./main.o
                0x20000154                rxByte
 .bss.iterator_wiadomosci
                0x20000155        0x1 ./main.o
                0x20000155                iterator_wiadomosci
 *fill*         0x20000156        0x2 
 .bss.init      0x20000158        0x4 ./main.o
                0x20000158                init
 *(COMMON)
 COMMON         0x2000015c       0x72 ./main.o
                0x2000015c                stanowisko
                0x200001b8                rxData
                0x200001c4                txData
 *(.gnu.linkonce.b*)
                0x200001d0                . = ALIGN (0x4)
 *fill*         0x200001ce        0x2 
                0x200001d0                __bss_end = .
                0x200001d0                . = ALIGN (0x8)
                0x200001d0                Heap_Bank1_Start = .
                0x000000b8                __bss_size = (__bss_end - __bss_start)

.no_init        0x2000ffc0       0x14
                0x2000ffc0                Heap_Bank1_End = .
 *(.no_init)
 .no_init       0x2000ffc0       0x14 ./Startup/system_XMC4500.o
                0x2000ffc0                SystemCoreClock
                0x2000ffc4                g_chipid

DSRAM2_DATA     0x30000000        0x0 load address 0x0c005d14
                0x30000000                . = ALIGN (0x4)
                0x30000000                __data2_start = .
 *(DSRAM2_DATA)
                0x30000000                . = ALIGN (0x4)
                0x30000000                __data2_end = .
                0x0c005d14                __data2_load = LOADADDR (DSRAM2_DATA)
                0x00000000                __data2_size = (__data2_end - __data2_start)
                0x00005d14                __text_size = (((((__exidx_end - sText) + __data_size) + __ram_code_size) + __data2_size) + __data3_size)
                0x08005d14                eText = (sText + __text_size)

DSRAM2_BSS      0x30000000        0x0 load address 0x0c005d14
                0x30000000                . = ALIGN (0x4)
                0x30000000                __bss2_start = .
 *(ETH_RAM)
 *(USB_RAM)
 *(DSRAM2_BSS)
                0x30000000                . = ALIGN (0x4)
                0x30000000                __bss2_end = .
                0x30000000                . = ALIGN (0x8)
                0x30000000                Heap_Bank2_Start = .
                0x00000000                __bss2_size = (__bss2_end - __bss2_start)
                0x0000fdf0                Heap_Bank1_Size = (Heap_Bank1_End - Heap_Bank1_Start)
                0x00008000                Heap_Bank2_Size = (0x8000 - (Heap_Bank2_Start - ORIGIN (DSRAM_2_comm)))
                0x0000f800                Heap_Bank3_Size = (0x10000 - (Heap_Bank3_Start - ORIGIN (PSRAM_1)))
                0x00000001                ASSERT ((Heap_Bank1_Start <= Heap_Bank1_End), region SRAM_combined overflowed no_init section)

/DISCARD/
 *(.comment)

.stab
 *(.stab)

.stabstr
 *(.stabstr)

.debug
 *(.debug)

.line
 *(.line)

.debug_srcinfo
 *(.debug_srcinfo)

.debug_sfnames
 *(.debug_sfnames)

.debug_aranges  0x00000000      0xd40
 *(.debug_aranges)
 .debug_aranges
                0x00000000       0x20 ./Startup/startup_XMC4500.o
 .debug_aranges
                0x00000020       0x48 ./Startup/system_XMC4500.o
 .debug_aranges
                0x00000068       0x28 ./Libraries/XMCLib/src/xmc4_gpio.o
 .debug_aranges
                0x00000090      0x3c8 ./Libraries/XMCLib/src/xmc4_scu.o
 .debug_aranges
                0x00000458      0x128 ./Libraries/XMCLib/src/xmc_ccu4.o
 .debug_aranges
                0x00000580       0xb0 ./Libraries/XMCLib/src/xmc_dac.o
 .debug_aranges
                0x00000630       0x28 ./Libraries/XMCLib/src/xmc_gpio.o
 .debug_aranges
                0x00000658       0x70 ./Libraries/XMCLib/src/xmc_uart.o
 .debug_aranges
                0x000006c8       0x90 ./Libraries/XMCLib/src/xmc_usic.o
 .debug_aranges
                0x00000758       0x28 ./Libraries/Newlib/syscalls.o
 .debug_aranges
                0x00000780       0xf8 ./Dave/Generated/UART/uart.o
 .debug_aranges
                0x00000878       0x60 ./Dave/Generated/UART/uart_conf.o
 .debug_aranges
                0x000008d8       0xd8 ./Dave/Generated/TIMER/timer.o
 .debug_aranges
                0x000009b0       0x18 ./Dave/Generated/TIMER/timer_conf.o
 .debug_aranges
                0x000009c8       0x50 ./Dave/Generated/INTERRUPT/interrupt.o
 .debug_aranges
                0x00000a18       0x18 ./Dave/Generated/INTERRUPT/interrupt_conf.o
 .debug_aranges
                0x00000a30       0x30 ./Dave/Generated/GLOBAL_CCU4/global_ccu4.o
 .debug_aranges
                0x00000a60       0x18 ./Dave/Generated/GLOBAL_CCU4/global_ccu4_conf.o
 .debug_aranges
                0x00000a78       0x28 ./Dave/Generated/DIGITAL_IO/digital_io.o
 .debug_aranges
                0x00000aa0       0x18 ./Dave/Generated/DIGITAL_IO/digital_io_conf.o
 .debug_aranges
                0x00000ab8       0xf8 ./Dave/Generated/DAC/dac.o
 .debug_aranges
                0x00000bb0       0x18 ./Dave/Generated/DAC/dac_conf.o
 .debug_aranges
                0x00000bc8       0x28 ./Dave/Generated/CPU_CTRL_XMC4/cpu_ctrl_xmc4_conf.o
 .debug_aranges
                0x00000bf0       0x38 ./Dave/Generated/CLOCK_XMC4/clock_xmc4.o
 .debug_aranges
                0x00000c28       0x20 ./Dave/Generated/CLOCK_XMC4/clock_xmc4_conf.o
 .debug_aranges
                0x00000c48       0x20 ./Dave/Generated/DAVE.o
 .debug_aranges
                0x00000c68       0xd8 ./main.o

.debug_pubnames
 *(.debug_pubnames)

.debug_pubtypes
 *(.debug_pubtypes)

.debug_info     0x00000000    0x113e8
 *(.debug_info .gnu.linkonce.wi.*)
 .debug_info    0x00000000       0x79 ./Startup/startup_XMC4500.o
 .debug_info    0x00000079      0x8b7 ./Startup/system_XMC4500.o
 .debug_info    0x00000930      0x422 ./Libraries/XMCLib/src/xmc4_gpio.o
 .debug_info    0x00000d52     0x20c4 ./Libraries/XMCLib/src/xmc4_scu.o
 .debug_info    0x00002e16     0x15c0 ./Libraries/XMCLib/src/xmc_ccu4.o
 .debug_info    0x000043d6      0xac9 ./Libraries/XMCLib/src/xmc_dac.o
 .debug_info    0x00004e9f      0x39d ./Libraries/XMCLib/src/xmc_gpio.o
 .debug_info    0x0000523c      0x88c ./Libraries/XMCLib/src/xmc_uart.o
 .debug_info    0x00005ac8      0xb5d ./Libraries/XMCLib/src/xmc_usic.o
 .debug_info    0x00006625      0x11f ./Libraries/Newlib/syscalls.o
 .debug_info    0x00006744     0x14c6 ./Dave/Generated/UART/uart.o
 .debug_info    0x00007c0a     0x135a ./Dave/Generated/UART/uart_conf.o
 .debug_info    0x00008f64      0xd93 ./Dave/Generated/TIMER/timer.o
 .debug_info    0x00009cf7      0x83b ./Dave/Generated/TIMER/timer_conf.o
 .debug_info    0x0000a532      0x910 ./Dave/Generated/INTERRUPT/interrupt.o
 .debug_info    0x0000ae42      0x405 ./Dave/Generated/INTERRUPT/interrupt_conf.o
 .debug_info    0x0000b247      0x3be ./Dave/Generated/GLOBAL_CCU4/global_ccu4.o
 .debug_info    0x0000b605      0x2be ./Dave/Generated/GLOBAL_CCU4/global_ccu4_conf.o
 .debug_info    0x0000b8c3      0x4dc ./Dave/Generated/DIGITAL_IO/digital_io.o
 .debug_info    0x0000bd9f      0x417 ./Dave/Generated/DIGITAL_IO/digital_io_conf.o
 .debug_info    0x0000c1b6      0xffe ./Dave/Generated/DAC/dac.o
 .debug_info    0x0000d1b4      0x626 ./Dave/Generated/DAC/dac_conf.o
 .debug_info    0x0000d7da      0x475 ./Dave/Generated/CPU_CTRL_XMC4/cpu_ctrl_xmc4_conf.o
 .debug_info    0x0000dc4f      0x224 ./Dave/Generated/CLOCK_XMC4/clock_xmc4.o
 .debug_info    0x0000de73      0x385 ./Dave/Generated/CLOCK_XMC4/clock_xmc4_conf.o
 .debug_info    0x0000e1f8     0x18d8 ./Dave/Generated/DAVE.o
 .debug_info    0x0000fad0     0x1918 ./main.o

.debug_abbrev   0x00000000     0x2af7
 *(.debug_abbrev)
 .debug_abbrev  0x00000000       0x14 ./Startup/startup_XMC4500.o
 .debug_abbrev  0x00000014      0x1a1 ./Startup/system_XMC4500.o
 .debug_abbrev  0x000001b5      0x11b ./Libraries/XMCLib/src/xmc4_gpio.o
 .debug_abbrev  0x000002d0      0x289 ./Libraries/XMCLib/src/xmc4_scu.o
 .debug_abbrev  0x00000559      0x1fc ./Libraries/XMCLib/src/xmc_ccu4.o
 .debug_abbrev  0x00000755      0x20f ./Libraries/XMCLib/src/xmc_dac.o
 .debug_abbrev  0x00000964      0x10c ./Libraries/XMCLib/src/xmc_gpio.o
 .debug_abbrev  0x00000a70      0x1fe ./Libraries/XMCLib/src/xmc_uart.o
 .debug_abbrev  0x00000c6e      0x1eb ./Libraries/XMCLib/src/xmc_usic.o
 .debug_abbrev  0x00000e59       0xbd ./Libraries/Newlib/syscalls.o
 .debug_abbrev  0x00000f16      0x266 ./Dave/Generated/UART/uart.o
 .debug_abbrev  0x0000117c      0x25c ./Dave/Generated/UART/uart_conf.o
 .debug_abbrev  0x000013d8      0x22b ./Dave/Generated/TIMER/timer.o
 .debug_abbrev  0x00001603      0x15a ./Dave/Generated/TIMER/timer_conf.o
 .debug_abbrev  0x0000175d      0x1da ./Dave/Generated/INTERRUPT/interrupt.o
 .debug_abbrev  0x00001937       0x97 ./Dave/Generated/INTERRUPT/interrupt_conf.o
 .debug_abbrev  0x000019ce      0x16f ./Dave/Generated/GLOBAL_CCU4/global_ccu4.o
 .debug_abbrev  0x00001b3d       0xfd ./Dave/Generated/GLOBAL_CCU4/global_ccu4_conf.o
 .debug_abbrev  0x00001c3a      0x148 ./Dave/Generated/DIGITAL_IO/digital_io.o
 .debug_abbrev  0x00001d82       0xfd ./Dave/Generated/DIGITAL_IO/digital_io_conf.o
 .debug_abbrev  0x00001e7f      0x254 ./Dave/Generated/DAC/dac.o
 .debug_abbrev  0x000020d3      0x15a ./Dave/Generated/DAC/dac_conf.o
 .debug_abbrev  0x0000222d      0x184 ./Dave/Generated/CPU_CTRL_XMC4/cpu_ctrl_xmc4_conf.o
 .debug_abbrev  0x000023b1      0x10f ./Dave/Generated/CLOCK_XMC4/clock_xmc4.o
 .debug_abbrev  0x000024c0      0x104 ./Dave/Generated/CLOCK_XMC4/clock_xmc4_conf.o
 .debug_abbrev  0x000025c4      0x1d3 ./Dave/Generated/DAVE.o
 .debug_abbrev  0x00002797      0x360 ./main.o

.debug_line     0x00000000     0x5db5
 *(.debug_line)
 .debug_line    0x00000000       0x88 ./Startup/startup_XMC4500.o
 .debug_line    0x00000088      0x2cd ./Startup/system_XMC4500.o
 .debug_line    0x00000355      0x1e1 ./Libraries/XMCLib/src/xmc4_gpio.o
 .debug_line    0x00000536      0xd6c ./Libraries/XMCLib/src/xmc4_scu.o
 .debug_line    0x000012a2      0x5a7 ./Libraries/XMCLib/src/xmc_ccu4.o
 .debug_line    0x00001849      0x3e1 ./Libraries/XMCLib/src/xmc_dac.o
 .debug_line    0x00001c2a      0x1cf ./Libraries/XMCLib/src/xmc_gpio.o
 .debug_line    0x00001df9      0x32b ./Libraries/XMCLib/src/xmc_uart.o
 .debug_line    0x00002124      0x3da ./Libraries/XMCLib/src/xmc_usic.o
 .debug_line    0x000024fe       0xbd ./Libraries/Newlib/syscalls.o
 .debug_line    0x000025bb      0x55f ./Dave/Generated/UART/uart.o
 .debug_line    0x00002b1a      0x332 ./Dave/Generated/UART/uart_conf.o
 .debug_line    0x00002e4c      0x504 ./Dave/Generated/TIMER/timer.o
 .debug_line    0x00003350      0x2a4 ./Dave/Generated/TIMER/timer_conf.o
 .debug_line    0x000035f4      0x2ce ./Dave/Generated/INTERRUPT/interrupt.o
 .debug_line    0x000038c2      0x1cb ./Dave/Generated/INTERRUPT/interrupt_conf.o
 .debug_line    0x00003a8d      0x2cf ./Dave/Generated/GLOBAL_CCU4/global_ccu4.o
 .debug_line    0x00003d5c      0x244 ./Dave/Generated/GLOBAL_CCU4/global_ccu4_conf.o
 .debug_line    0x00003fa0      0x236 ./Dave/Generated/DIGITAL_IO/digital_io.o
 .debug_line    0x000041d6      0x1c3 ./Dave/Generated/DIGITAL_IO/digital_io_conf.o
 .debug_line    0x00004399      0x5ca ./Dave/Generated/DAC/dac.o
 .debug_line    0x00004963      0x21d ./Dave/Generated/DAC/dac_conf.o
 .debug_line    0x00004b80      0x248 ./Dave/Generated/CPU_CTRL_XMC4/cpu_ctrl_xmc4_conf.o
 .debug_line    0x00004dc8      0x26c ./Dave/Generated/CLOCK_XMC4/clock_xmc4.o
 .debug_line    0x00005034      0x242 ./Dave/Generated/CLOCK_XMC4/clock_xmc4_conf.o
 .debug_line    0x00005276      0x418 ./Dave/Generated/DAVE.o
 .debug_line    0x0000568e      0x727 ./main.o

.debug_frame    0x00000000     0x3b6c
 *(.debug_frame)
 .debug_frame   0x00000000       0xec ./Startup/system_XMC4500.o
 .debug_frame   0x000000ec       0x60 ./Libraries/XMCLib/src/xmc4_gpio.o
 .debug_frame   0x0000014c     0x11c0 ./Libraries/XMCLib/src/xmc4_scu.o
 .debug_frame   0x0000130c      0x560 ./Libraries/XMCLib/src/xmc_ccu4.o
 .debug_frame   0x0000186c      0x308 ./Libraries/XMCLib/src/xmc_dac.o
 .debug_frame   0x00001b74       0x60 ./Libraries/XMCLib/src/xmc_gpio.o
 .debug_frame   0x00001bd4      0x1c8 ./Libraries/XMCLib/src/xmc_uart.o
 .debug_frame   0x00001d9c      0x268 ./Libraries/XMCLib/src/xmc_usic.o
 .debug_frame   0x00002004       0x5c ./Libraries/Newlib/syscalls.o
 .debug_frame   0x00002060      0x474 ./Dave/Generated/UART/uart.o
 .debug_frame   0x000024d4      0x15c ./Dave/Generated/UART/uart_conf.o
 .debug_frame   0x00002630      0x3e0 ./Dave/Generated/TIMER/timer.o
 .debug_frame   0x00002a10      0x124 ./Dave/Generated/INTERRUPT/interrupt.o
 .debug_frame   0x00002b34       0x88 ./Dave/Generated/GLOBAL_CCU4/global_ccu4.o
 .debug_frame   0x00002bbc       0x60 ./Dave/Generated/DIGITAL_IO/digital_io.o
 .debug_frame   0x00002c1c      0x478 ./Dave/Generated/DAC/dac.o
 .debug_frame   0x00003094       0x60 ./Dave/Generated/CPU_CTRL_XMC4/cpu_ctrl_xmc4_conf.o
 .debug_frame   0x000030f4       0xac ./Dave/Generated/CLOCK_XMC4/clock_xmc4.o
 .debug_frame   0x000031a0       0x3c ./Dave/Generated/CLOCK_XMC4/clock_xmc4_conf.o
 .debug_frame   0x000031dc       0x38 ./Dave/Generated/DAVE.o
 .debug_frame   0x00003214      0x3d4 ./main.o
 .debug_frame   0x000035e8       0x34 c:/davev4-64bit/dave-4.3.2/eclipse/arm-gcc-49/bin/../lib/gcc/arm-none-eabi/4.9.3/../../../../arm-none-eabi/lib/armv7e-m/softfp\libm.a(lib_a-sf_sin.o)
 .debug_frame   0x0000361c       0x3c c:/davev4-64bit/dave-4.3.2/eclipse/arm-gcc-49/bin/../lib/gcc/arm-none-eabi/4.9.3/../../../../arm-none-eabi/lib/armv7e-m/softfp\libm.a(lib_a-wf_acos.o)
 .debug_frame   0x00003658       0x3c c:/davev4-64bit/dave-4.3.2/eclipse/arm-gcc-49/bin/../lib/gcc/arm-none-eabi/4.9.3/../../../../arm-none-eabi/lib/armv7e-m/softfp\libm.a(lib_a-wf_asin.o)
 .debug_frame   0x00003694       0x50 c:/davev4-64bit/dave-4.3.2/eclipse/arm-gcc-49/bin/../lib/gcc/arm-none-eabi/4.9.3/../../../../arm-none-eabi/lib/armv7e-m/softfp\libm.a(lib_a-wf_sqrt.o)
 .debug_frame   0x000036e4       0x64 c:/davev4-64bit/dave-4.3.2/eclipse/arm-gcc-49/bin/../lib/gcc/arm-none-eabi/4.9.3/../../../../arm-none-eabi/lib/armv7e-m/softfp\libm.a(lib_a-ef_acos.o)
 .debug_frame   0x00003748       0x70 c:/davev4-64bit/dave-4.3.2/eclipse/arm-gcc-49/bin/../lib/gcc/arm-none-eabi/4.9.3/../../../../arm-none-eabi/lib/armv7e-m/softfp\libm.a(lib_a-ef_asin.o)
 .debug_frame   0x000037b8       0x3c c:/davev4-64bit/dave-4.3.2/eclipse/arm-gcc-49/bin/../lib/gcc/arm-none-eabi/4.9.3/../../../../arm-none-eabi/lib/armv7e-m/softfp\libm.a(lib_a-ef_rem_pio2.o)
 .debug_frame   0x000037f4       0x3c c:/davev4-64bit/dave-4.3.2/eclipse/arm-gcc-49/bin/../lib/gcc/arm-none-eabi/4.9.3/../../../../arm-none-eabi/lib/armv7e-m/softfp\libm.a(lib_a-ef_sqrt.o)
 .debug_frame   0x00003830       0x20 c:/davev4-64bit/dave-4.3.2/eclipse/arm-gcc-49/bin/../lib/gcc/arm-none-eabi/4.9.3/../../../../arm-none-eabi/lib/armv7e-m/softfp\libm.a(lib_a-kf_cos.o)
 .debug_frame   0x00003850       0x5c c:/davev4-64bit/dave-4.3.2/eclipse/arm-gcc-49/bin/../lib/gcc/arm-none-eabi/4.9.3/../../../../arm-none-eabi/lib/armv7e-m/softfp\libm.a(lib_a-kf_rem_pio2.o)
 .debug_frame   0x000038ac       0x20 c:/davev4-64bit/dave-4.3.2/eclipse/arm-gcc-49/bin/../lib/gcc/arm-none-eabi/4.9.3/../../../../arm-none-eabi/lib/armv7e-m/softfp\libm.a(lib_a-kf_sin.o)
 .debug_frame   0x000038cc       0x20 c:/davev4-64bit/dave-4.3.2/eclipse/arm-gcc-49/bin/../lib/gcc/arm-none-eabi/4.9.3/../../../../arm-none-eabi/lib/armv7e-m/softfp\libm.a(lib_a-s_matherr.o)
 .debug_frame   0x000038ec       0x20 c:/davev4-64bit/dave-4.3.2/eclipse/arm-gcc-49/bin/../lib/gcc/arm-none-eabi/4.9.3/../../../../arm-none-eabi/lib/armv7e-m/softfp\libm.a(lib_a-s_nan.o)
 .debug_frame   0x0000390c       0x20 c:/davev4-64bit/dave-4.3.2/eclipse/arm-gcc-49/bin/../lib/gcc/arm-none-eabi/4.9.3/../../../../arm-none-eabi/lib/armv7e-m/softfp\libm.a(lib_a-sf_fabs.o)
 .debug_frame   0x0000392c       0x48 c:/davev4-64bit/dave-4.3.2/eclipse/arm-gcc-49/bin/../lib/gcc/arm-none-eabi/4.9.3/../../../../arm-none-eabi/lib/armv7e-m/softfp\libm.a(lib_a-sf_floor.o)
 .debug_frame   0x00003974       0x20 c:/davev4-64bit/dave-4.3.2/eclipse/arm-gcc-49/bin/../lib/gcc/arm-none-eabi/4.9.3/../../../../arm-none-eabi/lib/armv7e-m/softfp\libm.a(lib_a-sf_fpclassify.o)
 .debug_frame   0x00003994       0x68 c:/davev4-64bit/dave-4.3.2/eclipse/arm-gcc-49/bin/../lib/gcc/arm-none-eabi/4.9.3/../../../../arm-none-eabi/lib/armv7e-m/softfp\libm.a(lib_a-sf_scalbn.o)
 .debug_frame   0x000039fc       0x20 c:/davev4-64bit/dave-4.3.2/eclipse/arm-gcc-49/bin/../lib/gcc/arm-none-eabi/4.9.3/../../../../arm-none-eabi/lib/armv7e-m/softfp\libm.a(lib_a-sf_copysign.o)
 .debug_frame   0x00003a1c       0x28 c:/davev4-64bit/dave-4.3.2/eclipse/arm-gcc-49/bin/../lib/gcc/arm-none-eabi/4.9.3/armv7e-m/softfp\libgcc.a(_aeabi_uldivmod.o)
 .debug_frame   0x00003a44       0x50 c:/davev4-64bit/dave-4.3.2/eclipse/arm-gcc-49/bin/../lib/gcc/arm-none-eabi/4.9.3/armv7e-m/softfp\libgcc.a(bpabi.o)
 .debug_frame   0x00003a94       0x34 c:/davev4-64bit/dave-4.3.2/eclipse/arm-gcc-49/bin/../lib/gcc/arm-none-eabi/4.9.3/armv7e-m/softfp\libgcc.a(_divdi3.o)
 .debug_frame   0x00003ac8       0x30 c:/davev4-64bit/dave-4.3.2/eclipse/arm-gcc-49/bin/../lib/gcc/arm-none-eabi/4.9.3/armv7e-m/softfp\libgcc.a(_udivdi3.o)
 .debug_frame   0x00003af8       0x20 c:/davev4-64bit/dave-4.3.2/eclipse/arm-gcc-49/bin/../lib/gcc/arm-none-eabi/4.9.3/../../../../arm-none-eabi/lib/armv7e-m/softfp\libg_nano.a(lib_a-errno.o)
 .debug_frame   0x00003b18       0x2c c:/davev4-64bit/dave-4.3.2/eclipse/arm-gcc-49/bin/../lib/gcc/arm-none-eabi/4.9.3/../../../../arm-none-eabi/lib/armv7e-m/softfp\libg_nano.a(lib_a-init.o)
 .debug_frame   0x00003b44       0x28 c:/davev4-64bit/dave-4.3.2/eclipse/arm-gcc-49/bin/../lib/gcc/arm-none-eabi/4.9.3/../../../../arm-none-eabi/lib/armv7e-m/softfp\libg_nano.a(lib_a-memcpy.o)

.debug_str      0x00000000     0x8329
 *(.debug_str)
 .debug_str     0x00000000      0x4f9 ./Startup/system_XMC4500.o
                                0x56b (size before relaxing)
 .debug_str     0x000004f9      0x544 ./Libraries/XMCLib/src/xmc4_gpio.o
                                0x760 (size before relaxing)
 .debug_str     0x00000a3d     0x1f7c ./Libraries/XMCLib/src/xmc4_scu.o
                               0x2422 (size before relaxing)
 .debug_str     0x000029b9     0x14e8 ./Libraries/XMCLib/src/xmc_ccu4.o
                               0x1af4 (size before relaxing)
 .debug_str     0x00003ea1      0x5d9 ./Libraries/XMCLib/src/xmc_dac.o
                                0xb6d (size before relaxing)
 .debug_str     0x0000447a       0xca ./Libraries/XMCLib/src/xmc_gpio.o
                                0x60e (size before relaxing)
 .debug_str     0x00004544      0x872 ./Libraries/XMCLib/src/xmc_uart.o
                                0xae4 (size before relaxing)
 .debug_str     0x00004db6      0x959 ./Libraries/XMCLib/src/xmc_usic.o
                               0x1053 (size before relaxing)
 .debug_str     0x0000570f       0x6f ./Libraries/Newlib/syscalls.o
                                0x214 (size before relaxing)
 .debug_str     0x0000577e      0xbd5 ./Dave/Generated/UART/uart.o
                               0x1c59 (size before relaxing)
 .debug_str     0x00006353      0x789 ./Dave/Generated/UART/uart_conf.o
                               0x1979 (size before relaxing)
 .debug_str     0x00006adc      0x545 ./Dave/Generated/TIMER/timer.o
                                0xc0a (size before relaxing)
 .debug_str     0x00007021      0x296 ./Dave/Generated/TIMER/timer_conf.o
                                0xb4b (size before relaxing)
 .debug_str     0x000072b7       0xdd ./Dave/Generated/INTERRUPT/interrupt.o
                                0xa8b (size before relaxing)
 .debug_str     0x00007394       0x35 ./Dave/Generated/INTERRUPT/interrupt_conf.o
                                0x842 (size before relaxing)
 .debug_str     0x000073c9       0xb5 ./Dave/Generated/GLOBAL_CCU4/global_ccu4.o
                                0x56d (size before relaxing)
 .debug_str     0x0000747e       0x31 ./Dave/Generated/GLOBAL_CCU4/global_ccu4_conf.o
                                0x481 (size before relaxing)
 .debug_str     0x000074af       0xdf ./Dave/Generated/DIGITAL_IO/digital_io.o
                                0x89d (size before relaxing)
 .debug_str     0x0000758e       0x34 ./Dave/Generated/DIGITAL_IO/digital_io_conf.o
                                0x7e3 (size before relaxing)
 .debug_str     0x000075c2      0x786 ./Dave/Generated/DAC/dac.o
                                0xe73 (size before relaxing)
 .debug_str     0x00007d48      0x18b ./Dave/Generated/DAC/dac_conf.o
                                0x994 (size before relaxing)
 .debug_str     0x00007ed3       0x88 ./Dave/Generated/CPU_CTRL_XMC4/cpu_ctrl_xmc4_conf.o
                                0x3a0 (size before relaxing)
 .debug_str     0x00007f5b       0xf3 ./Dave/Generated/CLOCK_XMC4/clock_xmc4.o
                                0x351 (size before relaxing)
 .debug_str     0x0000804e       0x50 ./Dave/Generated/CLOCK_XMC4/clock_xmc4_conf.o
                                0x731 (size before relaxing)
 .debug_str     0x0000809e       0x65 ./Dave/Generated/DAVE.o
                               0x1e70 (size before relaxing)
 .debug_str     0x00008103      0x226 ./main.o
                               0x17b2 (size before relaxing)

.debug_loc      0x00000000     0x6f89
 *(.debug_loc)
 .debug_loc     0x00000000      0x1a4 ./Startup/system_XMC4500.o
 .debug_loc     0x000001a4       0xb8 ./Libraries/XMCLib/src/xmc4_gpio.o
 .debug_loc     0x0000025c     0x2504 ./Libraries/XMCLib/src/xmc4_scu.o
 .debug_loc     0x00002760      0xbf0 ./Libraries/XMCLib/src/xmc_ccu4.o
 .debug_loc     0x00003350      0x650 ./Libraries/XMCLib/src/xmc_dac.o
 .debug_loc     0x000039a0       0xb8 ./Libraries/XMCLib/src/xmc_gpio.o
 .debug_loc     0x00003a58      0x3c4 ./Libraries/XMCLib/src/xmc_uart.o
 .debug_loc     0x00003e1c      0x52a ./Libraries/XMCLib/src/xmc_usic.o
 .debug_loc     0x00004346       0x94 ./Libraries/Newlib/syscalls.o
 .debug_loc     0x000043da      0x98c ./Dave/Generated/UART/uart.o
 .debug_loc     0x00004d66      0x2b8 ./Dave/Generated/UART/uart_conf.o
 .debug_loc     0x0000501e      0x81c ./Dave/Generated/TIMER/timer.o
 .debug_loc     0x0000583a      0x254 ./Dave/Generated/INTERRUPT/interrupt.o
 .debug_loc     0x00005a8e      0x108 ./Dave/Generated/GLOBAL_CCU4/global_ccu4.o
 .debug_loc     0x00005b96       0xac ./Dave/Generated/DIGITAL_IO/digital_io.o
 .debug_loc     0x00005c42      0x95c ./Dave/Generated/DAC/dac.o
 .debug_loc     0x0000659e       0xac ./Dave/Generated/CPU_CTRL_XMC4/cpu_ctrl_xmc4_conf.o
 .debug_loc     0x0000664a      0x14c ./Dave/Generated/CLOCK_XMC4/clock_xmc4.o
 .debug_loc     0x00006796       0x50 ./Dave/Generated/CLOCK_XMC4/clock_xmc4_conf.o
 .debug_loc     0x000067e6       0x50 ./Dave/Generated/DAVE.o
 .debug_loc     0x00006836      0x753 ./main.o

.debug_macinfo
 *(.debug_macinfo)

.debug_ranges   0x00000000      0xb58
 *(.debug_ranges)
 .debug_ranges  0x00000000       0x38 ./Startup/system_XMC4500.o
 .debug_ranges  0x00000038       0x18 ./Libraries/XMCLib/src/xmc4_gpio.o
 .debug_ranges  0x00000050      0x3b8 ./Libraries/XMCLib/src/xmc4_scu.o
 .debug_ranges  0x00000408      0x118 ./Libraries/XMCLib/src/xmc_ccu4.o
 .debug_ranges  0x00000520       0xa0 ./Libraries/XMCLib/src/xmc_dac.o
 .debug_ranges  0x000005c0       0x18 ./Libraries/XMCLib/src/xmc_gpio.o
 .debug_ranges  0x000005d8       0x60 ./Libraries/XMCLib/src/xmc_uart.o
 .debug_ranges  0x00000638       0x80 ./Libraries/XMCLib/src/xmc_usic.o
 .debug_ranges  0x000006b8       0x18 ./Libraries/Newlib/syscalls.o
 .debug_ranges  0x000006d0       0xe8 ./Dave/Generated/UART/uart.o
 .debug_ranges  0x000007b8       0x50 ./Dave/Generated/UART/uart_conf.o
 .debug_ranges  0x00000808       0xc8 ./Dave/Generated/TIMER/timer.o
 .debug_ranges  0x000008d0       0x40 ./Dave/Generated/INTERRUPT/interrupt.o
 .debug_ranges  0x00000910       0x20 ./Dave/Generated/GLOBAL_CCU4/global_ccu4.o
 .debug_ranges  0x00000930       0x18 ./Dave/Generated/DIGITAL_IO/digital_io.o
 .debug_ranges  0x00000948       0xe8 ./Dave/Generated/DAC/dac.o
 .debug_ranges  0x00000a30       0x18 ./Dave/Generated/CPU_CTRL_XMC4/cpu_ctrl_xmc4_conf.o
 .debug_ranges  0x00000a48       0x28 ./Dave/Generated/CLOCK_XMC4/clock_xmc4.o
 .debug_ranges  0x00000a70       0x10 ./Dave/Generated/CLOCK_XMC4/clock_xmc4_conf.o
 .debug_ranges  0x00000a80       0x10 ./Dave/Generated/DAVE.o
 .debug_ranges  0x00000a90       0xc8 ./main.o

.debug_weaknames
 *(.debug_weaknames)

.debug_funcnames
 *(.debug_funcnames)

.debug_typenames
 *(.debug_typenames)

.debug_varnames
 *(.debug_varnames)

.build_attributes
                0x00000000      0xb79
 *(.ARM.attributes)
 .ARM.attributes
                0x00000000       0x25 ./Startup/startup_XMC4500.o
 .ARM.attributes
                0x00000025       0x37 ./Startup/system_XMC4500.o
 .ARM.attributes
                0x0000005c       0x37 ./Libraries/XMCLib/src/xmc4_gpio.o
 .ARM.attributes
                0x00000093       0x37 ./Libraries/XMCLib/src/xmc4_scu.o
 .ARM.attributes
                0x000000ca       0x37 ./Libraries/XMCLib/src/xmc_ccu4.o
 .ARM.attributes
                0x00000101       0x37 ./Libraries/XMCLib/src/xmc_dac.o
 .ARM.attributes
                0x00000138       0x37 ./Libraries/XMCLib/src/xmc_gpio.o
 .ARM.attributes
                0x0000016f       0x37 ./Libraries/XMCLib/src/xmc_uart.o
 .ARM.attributes
                0x000001a6       0x37 ./Libraries/XMCLib/src/xmc_usic.o
 .ARM.attributes
                0x000001dd       0x37 ./Libraries/Newlib/syscalls.o
 .ARM.attributes
                0x00000214       0x37 ./Dave/Generated/UART/uart.o
 .ARM.attributes
                0x0000024b       0x37 ./Dave/Generated/UART/uart_conf.o
 .ARM.attributes
                0x00000282       0x37 ./Dave/Generated/TIMER/timer.o
 .ARM.attributes
                0x000002b9       0x37 ./Dave/Generated/TIMER/timer_conf.o
 .ARM.attributes
                0x000002f0       0x37 ./Dave/Generated/INTERRUPT/interrupt.o
 .ARM.attributes
                0x00000327       0x37 ./Dave/Generated/INTERRUPT/interrupt_conf.o
 .ARM.attributes
                0x0000035e       0x37 ./Dave/Generated/GLOBAL_CCU4/global_ccu4.o
 .ARM.attributes
                0x00000395       0x37 ./Dave/Generated/GLOBAL_CCU4/global_ccu4_conf.o
 .ARM.attributes
                0x000003cc       0x37 ./Dave/Generated/DIGITAL_IO/digital_io.o
 .ARM.attributes
                0x00000403       0x37 ./Dave/Generated/DIGITAL_IO/digital_io_conf.o
 .ARM.attributes
                0x0000043a       0x37 ./Dave/Generated/DAC/dac.o
 .ARM.attributes
                0x00000471       0x37 ./Dave/Generated/DAC/dac_conf.o
 .ARM.attributes
                0x000004a8       0x37 ./Dave/Generated/CPU_CTRL_XMC4/cpu_ctrl_xmc4_conf.o
 .ARM.attributes
                0x000004df       0x37 ./Dave/Generated/CLOCK_XMC4/clock_xmc4.o
 .ARM.attributes
                0x00000516       0x37 ./Dave/Generated/CLOCK_XMC4/clock_xmc4_conf.o
 .ARM.attributes
                0x0000054d       0x37 ./Dave/Generated/DAVE.o
 .ARM.attributes
                0x00000584       0x37 ./main.o
 .ARM.attributes
                0x000005bb       0x32 c:/davev4-64bit/dave-4.3.2/eclipse/arm-gcc-49/bin/../lib/gcc/arm-none-eabi/4.9.3/../../../../arm-none-eabi/lib/armv7e-m/softfp\libm.a(lib_a-sf_sin.o)
 .ARM.attributes
                0x000005ed       0x32 c:/davev4-64bit/dave-4.3.2/eclipse/arm-gcc-49/bin/../lib/gcc/arm-none-eabi/4.9.3/../../../../arm-none-eabi/lib/armv7e-m/softfp\libm.a(lib_a-wf_acos.o)
 .ARM.attributes
                0x0000061f       0x32 c:/davev4-64bit/dave-4.3.2/eclipse/arm-gcc-49/bin/../lib/gcc/arm-none-eabi/4.9.3/../../../../arm-none-eabi/lib/armv7e-m/softfp\libm.a(lib_a-wf_asin.o)
 .ARM.attributes
                0x00000651       0x32 c:/davev4-64bit/dave-4.3.2/eclipse/arm-gcc-49/bin/../lib/gcc/arm-none-eabi/4.9.3/../../../../arm-none-eabi/lib/armv7e-m/softfp\libm.a(lib_a-wf_sqrt.o)
 .ARM.attributes
                0x00000683       0x32 c:/davev4-64bit/dave-4.3.2/eclipse/arm-gcc-49/bin/../lib/gcc/arm-none-eabi/4.9.3/../../../../arm-none-eabi/lib/armv7e-m/softfp\libm.a(lib_a-ef_acos.o)
 .ARM.attributes
                0x000006b5       0x32 c:/davev4-64bit/dave-4.3.2/eclipse/arm-gcc-49/bin/../lib/gcc/arm-none-eabi/4.9.3/../../../../arm-none-eabi/lib/armv7e-m/softfp\libm.a(lib_a-ef_asin.o)
 .ARM.attributes
                0x000006e7       0x32 c:/davev4-64bit/dave-4.3.2/eclipse/arm-gcc-49/bin/../lib/gcc/arm-none-eabi/4.9.3/../../../../arm-none-eabi/lib/armv7e-m/softfp\libm.a(lib_a-ef_rem_pio2.o)
 .ARM.attributes
                0x00000719       0x32 c:/davev4-64bit/dave-4.3.2/eclipse/arm-gcc-49/bin/../lib/gcc/arm-none-eabi/4.9.3/../../../../arm-none-eabi/lib/armv7e-m/softfp\libm.a(lib_a-ef_sqrt.o)
 .ARM.attributes
                0x0000074b       0x32 c:/davev4-64bit/dave-4.3.2/eclipse/arm-gcc-49/bin/../lib/gcc/arm-none-eabi/4.9.3/../../../../arm-none-eabi/lib/armv7e-m/softfp\libm.a(lib_a-kf_cos.o)
 .ARM.attributes
                0x0000077d       0x32 c:/davev4-64bit/dave-4.3.2/eclipse/arm-gcc-49/bin/../lib/gcc/arm-none-eabi/4.9.3/../../../../arm-none-eabi/lib/armv7e-m/softfp\libm.a(lib_a-kf_rem_pio2.o)
 .ARM.attributes
                0x000007af       0x32 c:/davev4-64bit/dave-4.3.2/eclipse/arm-gcc-49/bin/../lib/gcc/arm-none-eabi/4.9.3/../../../../arm-none-eabi/lib/armv7e-m/softfp\libm.a(lib_a-kf_sin.o)
 .ARM.attributes
                0x000007e1       0x32 c:/davev4-64bit/dave-4.3.2/eclipse/arm-gcc-49/bin/../lib/gcc/arm-none-eabi/4.9.3/../../../../arm-none-eabi/lib/armv7e-m/softfp\libm.a(lib_a-s_lib_ver.o)
 .ARM.attributes
                0x00000813       0x32 c:/davev4-64bit/dave-4.3.2/eclipse/arm-gcc-49/bin/../lib/gcc/arm-none-eabi/4.9.3/../../../../arm-none-eabi/lib/armv7e-m/softfp\libm.a(lib_a-s_matherr.o)
 .ARM.attributes
                0x00000845       0x32 c:/davev4-64bit/dave-4.3.2/eclipse/arm-gcc-49/bin/../lib/gcc/arm-none-eabi/4.9.3/../../../../arm-none-eabi/lib/armv7e-m/softfp\libm.a(lib_a-s_nan.o)
 .ARM.attributes
                0x00000877       0x32 c:/davev4-64bit/dave-4.3.2/eclipse/arm-gcc-49/bin/../lib/gcc/arm-none-eabi/4.9.3/../../../../arm-none-eabi/lib/armv7e-m/softfp\libm.a(lib_a-sf_fabs.o)
 .ARM.attributes
                0x000008a9       0x32 c:/davev4-64bit/dave-4.3.2/eclipse/arm-gcc-49/bin/../lib/gcc/arm-none-eabi/4.9.3/../../../../arm-none-eabi/lib/armv7e-m/softfp\libm.a(lib_a-sf_floor.o)
 .ARM.attributes
                0x000008db       0x32 c:/davev4-64bit/dave-4.3.2/eclipse/arm-gcc-49/bin/../lib/gcc/arm-none-eabi/4.9.3/../../../../arm-none-eabi/lib/armv7e-m/softfp\libm.a(lib_a-sf_fpclassify.o)
 .ARM.attributes
                0x0000090d       0x32 c:/davev4-64bit/dave-4.3.2/eclipse/arm-gcc-49/bin/../lib/gcc/arm-none-eabi/4.9.3/../../../../arm-none-eabi/lib/armv7e-m/softfp\libm.a(lib_a-sf_scalbn.o)
 .ARM.attributes
                0x0000093f       0x32 c:/davev4-64bit/dave-4.3.2/eclipse/arm-gcc-49/bin/../lib/gcc/arm-none-eabi/4.9.3/../../../../arm-none-eabi/lib/armv7e-m/softfp\libm.a(lib_a-sf_copysign.o)
 .ARM.attributes
                0x00000971       0x22 c:/davev4-64bit/dave-4.3.2/eclipse/arm-gcc-49/bin/../lib/gcc/arm-none-eabi/4.9.3/armv7e-m/softfp\libgcc.a(_arm_addsubdf3.o)
 .ARM.attributes
                0x00000993       0x22 c:/davev4-64bit/dave-4.3.2/eclipse/arm-gcc-49/bin/../lib/gcc/arm-none-eabi/4.9.3/armv7e-m/softfp\libgcc.a(_arm_muldivdf3.o)
 .ARM.attributes
                0x000009b5       0x22 c:/davev4-64bit/dave-4.3.2/eclipse/arm-gcc-49/bin/../lib/gcc/arm-none-eabi/4.9.3/armv7e-m/softfp\libgcc.a(_arm_truncdfsf2.o)
 .ARM.attributes
                0x000009d7       0x22 c:/davev4-64bit/dave-4.3.2/eclipse/arm-gcc-49/bin/../lib/gcc/arm-none-eabi/4.9.3/armv7e-m/softfp\libgcc.a(_aeabi_uldivmod.o)
 .ARM.attributes
                0x000009f9       0x32 c:/davev4-64bit/dave-4.3.2/eclipse/arm-gcc-49/bin/../lib/gcc/arm-none-eabi/4.9.3/armv7e-m/softfp\libgcc.a(bpabi.o)
 .ARM.attributes
                0x00000a2b       0x22 c:/davev4-64bit/dave-4.3.2/eclipse/arm-gcc-49/bin/../lib/gcc/arm-none-eabi/4.9.3/armv7e-m/softfp\libgcc.a(_dvmd_tls.o)
 .ARM.attributes
                0x00000a4d       0x32 c:/davev4-64bit/dave-4.3.2/eclipse/arm-gcc-49/bin/../lib/gcc/arm-none-eabi/4.9.3/armv7e-m/softfp\libgcc.a(_divdi3.o)
 .ARM.attributes
                0x00000a7f       0x32 c:/davev4-64bit/dave-4.3.2/eclipse/arm-gcc-49/bin/../lib/gcc/arm-none-eabi/4.9.3/armv7e-m/softfp\libgcc.a(_udivdi3.o)
 .ARM.attributes
                0x00000ab1       0x32 c:/davev4-64bit/dave-4.3.2/eclipse/arm-gcc-49/bin/../lib/gcc/arm-none-eabi/4.9.3/../../../../arm-none-eabi/lib/armv7e-m/softfp\libg_nano.a(lib_a-errno.o)
 .ARM.attributes
                0x00000ae3       0x32 c:/davev4-64bit/dave-4.3.2/eclipse/arm-gcc-49/bin/../lib/gcc/arm-none-eabi/4.9.3/../../../../arm-none-eabi/lib/armv7e-m/softfp\libg_nano.a(lib_a-impure.o)
 .ARM.attributes
                0x00000b15       0x32 c:/davev4-64bit/dave-4.3.2/eclipse/arm-gcc-49/bin/../lib/gcc/arm-none-eabi/4.9.3/../../../../arm-none-eabi/lib/armv7e-m/softfp\libg_nano.a(lib_a-init.o)
 .ARM.attributes
                0x00000b47       0x32 c:/davev4-64bit/dave-4.3.2/eclipse/arm-gcc-49/bin/../lib/gcc/arm-none-eabi/4.9.3/../../../../arm-none-eabi/lib/armv7e-m/softfp\libg_nano.a(lib_a-memcpy.o)
OUTPUT(MAB_Komputer.elf elf32-littlearm)
