Archive member included because of file (symbol)

c:/davev4-64bit/dave-4.3.2/eclipse/arm-gcc-49/bin/../lib/gcc/arm-none-eabi/4.9.3/../../../../arm-none-eabi/lib/armv7e-m/softfp\libm.a(lib_a-s_sin.o)
                              ./main.o (sin)
c:/davev4-64bit/dave-4.3.2/eclipse/arm-gcc-49/bin/../lib/gcc/arm-none-eabi/4.9.3/../../../../arm-none-eabi/lib/armv7e-m/softfp\libm.a(lib_a-sf_cos.o)
                              ./main.o (cosf)
c:/davev4-64bit/dave-4.3.2/eclipse/arm-gcc-49/bin/../lib/gcc/arm-none-eabi/4.9.3/../../../../arm-none-eabi/lib/armv7e-m/softfp\libm.a(lib_a-sf_sin.o)
                              ./main.o (sinf)
c:/davev4-64bit/dave-4.3.2/eclipse/arm-gcc-49/bin/../lib/gcc/arm-none-eabi/4.9.3/../../../../arm-none-eabi/lib/armv7e-m/softfp\libm.a(lib_a-wf_acos.o)
                              ./main.o (acosf)
c:/davev4-64bit/dave-4.3.2/eclipse/arm-gcc-49/bin/../lib/gcc/arm-none-eabi/4.9.3/../../../../arm-none-eabi/lib/armv7e-m/softfp\libm.a(lib_a-wf_asin.o)
                              ./main.o (asinf)
c:/davev4-64bit/dave-4.3.2/eclipse/arm-gcc-49/bin/../lib/gcc/arm-none-eabi/4.9.3/../../../../arm-none-eabi/lib/armv7e-m/softfp\libm.a(lib_a-wf_atan2.o)
                              ./main.o (atan2f)
c:/davev4-64bit/dave-4.3.2/eclipse/arm-gcc-49/bin/../lib/gcc/arm-none-eabi/4.9.3/../../../../arm-none-eabi/lib/armv7e-m/softfp\libm.a(lib_a-wf_sqrt.o)
                              ./main.o (sqrtf)
c:/davev4-64bit/dave-4.3.2/eclipse/arm-gcc-49/bin/../lib/gcc/arm-none-eabi/4.9.3/../../../../arm-none-eabi/lib/armv7e-m/softfp\libm.a(lib_a-e_rem_pio2.o)
                              c:/davev4-64bit/dave-4.3.2/eclipse/arm-gcc-49/bin/../lib/gcc/arm-none-eabi/4.9.3/../../../../arm-none-eabi/lib/armv7e-m/softfp\libm.a(lib_a-s_sin.o) (__ieee754_rem_pio2)
c:/davev4-64bit/dave-4.3.2/eclipse/arm-gcc-49/bin/../lib/gcc/arm-none-eabi/4.9.3/../../../../arm-none-eabi/lib/armv7e-m/softfp\libm.a(lib_a-ef_acos.o)
                              c:/davev4-64bit/dave-4.3.2/eclipse/arm-gcc-49/bin/../lib/gcc/arm-none-eabi/4.9.3/../../../../arm-none-eabi/lib/armv7e-m/softfp\libm.a(lib_a-wf_acos.o) (__ieee754_acosf)
c:/davev4-64bit/dave-4.3.2/eclipse/arm-gcc-49/bin/../lib/gcc/arm-none-eabi/4.9.3/../../../../arm-none-eabi/lib/armv7e-m/softfp\libm.a(lib_a-ef_asin.o)
                              c:/davev4-64bit/dave-4.3.2/eclipse/arm-gcc-49/bin/../lib/gcc/arm-none-eabi/4.9.3/../../../../arm-none-eabi/lib/armv7e-m/softfp\libm.a(lib_a-wf_asin.o) (__ieee754_asinf)
c:/davev4-64bit/dave-4.3.2/eclipse/arm-gcc-49/bin/../lib/gcc/arm-none-eabi/4.9.3/../../../../arm-none-eabi/lib/armv7e-m/softfp\libm.a(lib_a-ef_atan2.o)
                              c:/davev4-64bit/dave-4.3.2/eclipse/arm-gcc-49/bin/../lib/gcc/arm-none-eabi/4.9.3/../../../../arm-none-eabi/lib/armv7e-m/softfp\libm.a(lib_a-wf_atan2.o) (__ieee754_atan2f)
c:/davev4-64bit/dave-4.3.2/eclipse/arm-gcc-49/bin/../lib/gcc/arm-none-eabi/4.9.3/../../../../arm-none-eabi/lib/armv7e-m/softfp\libm.a(lib_a-ef_rem_pio2.o)
                              c:/davev4-64bit/dave-4.3.2/eclipse/arm-gcc-49/bin/../lib/gcc/arm-none-eabi/4.9.3/../../../../arm-none-eabi/lib/armv7e-m/softfp\libm.a(lib_a-sf_cos.o) (__ieee754_rem_pio2f)
c:/davev4-64bit/dave-4.3.2/eclipse/arm-gcc-49/bin/../lib/gcc/arm-none-eabi/4.9.3/../../../../arm-none-eabi/lib/armv7e-m/softfp\libm.a(lib_a-ef_sqrt.o)
                              c:/davev4-64bit/dave-4.3.2/eclipse/arm-gcc-49/bin/../lib/gcc/arm-none-eabi/4.9.3/../../../../arm-none-eabi/lib/armv7e-m/softfp\libm.a(lib_a-wf_sqrt.o) (__ieee754_sqrtf)
c:/davev4-64bit/dave-4.3.2/eclipse/arm-gcc-49/bin/../lib/gcc/arm-none-eabi/4.9.3/../../../../arm-none-eabi/lib/armv7e-m/softfp\libm.a(lib_a-k_cos.o)
                              c:/davev4-64bit/dave-4.3.2/eclipse/arm-gcc-49/bin/../lib/gcc/arm-none-eabi/4.9.3/../../../../arm-none-eabi/lib/armv7e-m/softfp\libm.a(lib_a-s_sin.o) (__kernel_cos)
c:/davev4-64bit/dave-4.3.2/eclipse/arm-gcc-49/bin/../lib/gcc/arm-none-eabi/4.9.3/../../../../arm-none-eabi/lib/armv7e-m/softfp\libm.a(lib_a-k_rem_pio2.o)
                              c:/davev4-64bit/dave-4.3.2/eclipse/arm-gcc-49/bin/../lib/gcc/arm-none-eabi/4.9.3/../../../../arm-none-eabi/lib/armv7e-m/softfp\libm.a(lib_a-e_rem_pio2.o) (__kernel_rem_pio2)
c:/davev4-64bit/dave-4.3.2/eclipse/arm-gcc-49/bin/../lib/gcc/arm-none-eabi/4.9.3/../../../../arm-none-eabi/lib/armv7e-m/softfp\libm.a(lib_a-k_sin.o)
                              c:/davev4-64bit/dave-4.3.2/eclipse/arm-gcc-49/bin/../lib/gcc/arm-none-eabi/4.9.3/../../../../arm-none-eabi/lib/armv7e-m/softfp\libm.a(lib_a-s_sin.o) (__kernel_sin)
c:/davev4-64bit/dave-4.3.2/eclipse/arm-gcc-49/bin/../lib/gcc/arm-none-eabi/4.9.3/../../../../arm-none-eabi/lib/armv7e-m/softfp\libm.a(lib_a-kf_cos.o)
                              c:/davev4-64bit/dave-4.3.2/eclipse/arm-gcc-49/bin/../lib/gcc/arm-none-eabi/4.9.3/../../../../arm-none-eabi/lib/armv7e-m/softfp\libm.a(lib_a-sf_cos.o) (__kernel_cosf)
[...]
Memory Configuration

Name             Origin             Length             Attributes
FLASH_1_cached   0x08000000         0x00100000         xr
FLASH_1_uncached 0x0c000000         0x00100000         xr
PSRAM_1          0x10000000         0x00010000         !xr
DSRAM_1_system   0x20000000         0x00010000         !xr
DSRAM_2_comm     0x30000000         0x00008000         !xr
*default*        0x00000000         0xffffffff

Linker script and memory map

LOAD ./Startup/startup_XMC4500.o
LOAD ./Startup/system_XMC4500.o
LOAD ./Libraries/XMCLib/src/xmc4_eru.o
LOAD ./Libraries/XMCLib/src/xmc4_flash.o
LOAD ./Libraries/XMCLib/src/xmc4_gpio.o
LOAD ./Libraries/XMCLib/src/xmc4_rtc.o
LOAD ./Libraries/XMCLib/src/xmc4_scu.o
LOAD ./Libraries/XMCLib/src/xmc_can.o
LOAD ./Libraries/XMCLib/src/xmc_ccu4.o
LOAD ./Libraries/XMCLib/src/xmc_ccu8.o
LOAD ./Libraries/XMCLib/src/xmc_common.o
LOAD ./Libraries/XMCLib/src/xmc_dac.o
LOAD ./Libraries/XMCLib/src/xmc_dma.o
LOAD ./Libraries/XMCLib/src/xmc_dsd.o
LOAD ./Libraries/XMCLib/src/xmc_ebu.o
LOAD ./Libraries/XMCLib/src/xmc_ecat.o
LOAD ./Libraries/XMCLib/src/xmc_eru.o
LOAD ./Libraries/XMCLib/src/xmc_eth_mac.o
LOAD ./Libraries/XMCLib/src/xmc_eth_phy_dp83848.o
LOAD ./Libraries/XMCLib/src/xmc_eth_phy_ksz8031rnl.o
LOAD ./Libraries/XMCLib/src/xmc_eth_phy_ksz8081rnb.o
LOAD ./Libraries/XMCLib/src/xmc_fce.o
LOAD ./Libraries/XMCLib/src/xmc_gpio.o
LOAD ./Libraries/XMCLib/src/xmc_hrpwm.o
LOAD ./Libraries/XMCLib/src/xmc_i2c.o
LOAD ./Libraries/XMCLib/src/xmc_i2s.o
LOAD ./Libraries/XMCLib/src/xmc_ledts.o
LOAD ./Libraries/XMCLib/src/xmc_posif.o
LOAD ./Libraries/XMCLib/src/xmc_rtc.o
LOAD ./Libraries/XMCLib/src/xmc_sdmmc.o
LOAD ./Libraries/XMCLib/src/xmc_spi.o
LOAD ./Libraries/XMCLib/src/xmc_uart.o
LOAD ./Libraries/XMCLib/src/xmc_usbd.o
LOAD ./Libraries/XMCLib/src/xmc_usbh.o
LOAD ./Libraries/XMCLib/src/xmc_usic.o
LOAD ./Libraries/XMCLib/src/xmc_vadc.o
LOAD ./Libraries/XMCLib/src/xmc_wdt.o
LOAD ./Libraries/Newlib/syscalls.o
LOAD ./Dave/Generated/UART/uart.o
LOAD ./Dave/Generated/UART/uart_conf.o
LOAD ./Dave/Generated/TIMER/timer.o
LOAD ./Dave/Generated/TIMER/timer_conf.o
LOAD ./Dave/Generated/INTERRUPT/interrupt.o
LOAD ./Dave/Generated/INTERRUPT/interrupt_conf.o
LOAD ./Dave/Generated/GLOBAL_CCU4/global_ccu4.o
LOAD ./Dave/Generated/GLOBAL_CCU4/global_ccu4_conf.o
LOAD ./Dave/Generated/DIGITAL_IO/digital_io.o
LOAD ./Dave/Generated/DIGITAL_IO/digital_io_conf.o
LOAD ./Dave/Generated/CPU_CTRL_XMC4/cpu_ctrl_xmc4.o
LOAD ./Dave/Generated/CPU_CTRL_XMC4/cpu_ctrl_xmc4_conf.o
LOAD ./Dave/Generated/CLOCK_XMC4/clock_xmc4.o
LOAD ./Dave/Generated/CLOCK_XMC4/clock_xmc4_conf.o
LOAD ./Dave/Generated/DAVE.o
LOAD ./main.o
LOAD c:/davev4-64bit/dave-4.3.2/eclipse/arm-gcc-49/bin/../lib/gcc/arm-none-eabi/4.9.3/../../../../arm-none-eabi/lib/armv7e-m/softfp\libm.a
START GROUP
LOAD c:/davev4-64bit/dave-4.3.2/eclipse/arm-gcc-49/bin/../lib/gcc/arm-none-eabi/4.9.3/armv7e-m/softfp\libgcc.a
LOAD c:/davev4-64bit/dave-4.3.2/eclipse/arm-gcc-49/bin/../lib/gcc/arm-none-eabi/4.9.3/../../../../arm-none-eabi/lib/armv7e-m/softfp\libg_nano.a
LOAD c:/davev4-64bit/dave-4.3.2/eclipse/arm-gcc-49/bin/../lib/gcc/arm-none-eabi/4.9.3/../../../../arm-none-eabi/lib/armv7e-m/softfp\libc_nano.a
END GROUP
START GROUP
LOAD c:/davev4-64bit/dave-4.3.2/eclipse/arm-gcc-49/bin/../lib/gcc/arm-none-eabi/4.9.3/armv7e-m/softfp\libgcc.a
LOAD c:/davev4-64bit/dave-4.3.2/eclipse/arm-gcc-49/bin/../lib/gcc/arm-none-eabi/4.9.3/../../../../arm-none-eabi/lib/armv7e-m/softfp\libc_nano.a
LOAD c:/davev4-64bit/dave-4.3.2/eclipse/arm-gcc-49/bin/../lib/gcc/arm-none-eabi/4.9.3/../../../../arm-none-eabi/lib/armv7e-m/softfp\libnosys.a
END GROUP
START GROUP
LOAD c:/davev4-64bit/dave-4.3.2/eclipse/arm-gcc-49/bin/../lib/gcc/arm-none-eabi/4.9.3/armv7e-m/softfp\libgcc.a
LOAD c:/davev4-64bit/dave-4.3.2/eclipse/arm-gcc-49/bin/../lib/gcc/arm-none-eabi/4.9.3/../../../../arm-none-eabi/lib/armv7e-m/softfp\libc_nano.a
LOAD c:/davev4-64bit/dave-4.3.2/eclipse/arm-gcc-49/bin/../lib/gcc/arm-none-eabi/4.9.3/../../../../arm-none-eabi/lib/armv7e-m/softfp\libnosys.a
END GROUP
                0x00000800                stack_size = DEFINED (stack_size)?stack_size:0x800
                0x00000040                no_init_size = 0x40

.text           0x08000000     0x31f0 load address 0x0c000000
                0x08000000                sText = .
 *(.reset)
 .reset         0x08000000      0x2b4 ./Startup/startup_XMC4500.o
                0x08000000                __Vectors
                0x08000200                Reset_Handler
                0x080002b0                DSD0_7_IRQHandler
                0x080002b0                DebugMon_Handler
                0x080002b0                VADC0_C0_0_IRQHandler
                0x080002b0                CAN0_4_IRQHandler
                0x080002b0                VADC0_G2_0_IRQHandler
                0x080002b0                USIC0_5_IRQHandler
                0x080002b0                POSIF0_0_IRQHandler
                0x080002b0                POSIF1_0_IRQHandler
                0x080002b0                HardFault_Handler
                0x080002b0                VADC0_G1_1_IRQHandler
                0x080002b0                SysTick_Handler
                0x080002b0                PendSV_Handler
                0x080002b0                NMI_Handler
                0x080002b0                USIC1_3_IRQHandler
                0x080002b0                CCU40_2_IRQHandler
                0x080002b0                SCU_0_IRQHandler
                0x080002b0                ERU0_0_IRQHandler
                0x080002b0                CCU41_0_IRQHandler
                0x080002b0                USIC1_5_IRQHandler
                0x080002b0                DSD0_4_IRQHandler
                0x080002b0                CCU80_1_IRQHandler
                0x080002b0                CCU81_0_IRQHandler
                0x080002b0                UsageFault_Handler
                0x080002b0                USIC0_0_IRQHandler
                0x080002b0                POSIF1_1_IRQHandler
                0x080002b0                ERU0_2_IRQHandler
                0x080002b0                CCU81_1_IRQHandler
                0x080002b0                ERU1_1_IRQHandler
                0x080002b0                VADC0_G2_3_IRQHandler
                0x080002b0                VADC0_G2_2_IRQHandler
                0x080002b0                CCU42_3_IRQHandler
                0x080002b0                ERU0_3_IRQHandler
                0x080002b0                DSD0_5_IRQHandler
                0x080002b0                VADC0_C0_3_IRQHandler
                0x080002b0                CAN0_6_IRQHandler
                0x080002b0                CCU43_0_IRQHandler
                0x080002b0                VADC0_G0_1_IRQHandler
                0x080002b0                CCU81_2_IRQHandler
                0x080002b0                USIC2_4_IRQHandler
                0x080002b0                CCU81_3_IRQHandler
                0x080002b0                CCU42_1_IRQHandler
                0x080002b0                USIC2_5_IRQHandler
                0x080002b0                CCU40_0_IRQHandler
                0x080002b0                CAN0_0_IRQHandler
                0x080002b0                ERU1_0_IRQHandler
                0x080002b0                CCU42_2_IRQHandler
                0x080002b0                Default_Handler
                0x080002b0                USIC1_4_IRQHandler
                0x080002b0                ERU1_3_IRQHandler
                0x080002b0                POSIF0_1_IRQHandler
                0x080002b0                VADC0_G0_0_IRQHandler
                0x080002b0                DSD0_2_IRQHandler
                0x080002b0                CCU80_3_IRQHandler
                0x080002b0                CCU41_3_IRQHandler
                0x080002b0                CCU80_2_IRQHandler
                0x080002b0                VADC0_G1_3_IRQHandler
                0x080002b0                VADC0_G0_3_IRQHandler
                0x080002b0                GPDMA0_0_IRQHandler
                0x080002b0                PMU0_0_IRQHandler
                0x080002b0                CAN0_7_IRQHandler
                0x080002b0                DSD0_1_IRQHandler
                0x080002b0                CCU41_2_IRQHandler
                0x080002b0                VADC0_C0_1_IRQHandler
                0x080002b0                CCU43_2_IRQHandler
                0x080002b0                USIC2_2_IRQHandler
                0x080002b0                MemManage_Handler
                0x080002b0                VADC0_G3_1_IRQHandler
                0x080002b0                DAC0_0_IRQHandler
                0x080002b0                SVC_Handler
                0x080002b0                VADC0_G3_3_IRQHandler
                0x080002b0                ERU1_2_IRQHandler
                0x080002b0                CCU41_1_IRQHandler
                0x080002b0                DSD0_6_IRQHandler
                0x080002b0                VADC0_G1_2_IRQHandler
                0x080002b0                USIC2_3_IRQHandler
                0x080002b0                CAN0_2_IRQHandler
                0x080002b0                USIC2_0_IRQHandler
                0x080002b0                VADC0_G0_2_IRQHandler
                0x080002b0                VADC0_G2_1_IRQHandler
                0x080002b0                CAN0_3_IRQHandler
                0x080002b0                ETH0_0_IRQHandler
                0x080002b0                USIC0_3_IRQHandler
                0x080002b0                DSD0_0_IRQHandler
                0x080002b0                VADC0_C0_2_IRQHandler
                0x080002b0                CCU42_0_IRQHandler
                0x080002b0                FCE0_0_IRQHandler
                0x080002b0                VADC0_G1_0_IRQHandler
                0x080002b0                USB0_0_IRQHandler
                0x080002b0                CAN0_5_IRQHandler
                0x080002b0                CCU80_0_IRQHandler
                0x080002b0                CCU40_1_IRQHandler
                0x080002b0                USIC2_1_IRQHandler
                0x080002b0                USIC0_1_IRQHandler
                0x080002b0                VADC0_G3_2_IRQHandler
                0x080002b0                CCU40_3_IRQHandler
                0x080002b0                BusFault_Handler
                0x080002b0                LEDTS0_0_IRQHandler
                0x080002b0                USIC0_4_IRQHandler
                0x080002b0                CCU43_3_IRQHandler
                0x080002b0                ERU0_1_IRQHandler
                0x080002b0                VADC0_G3_0_IRQHandler
                0x080002b0                USIC1_2_IRQHandler
                0x080002b0                DSD0_3_IRQHandler
                0x080002b0                SDMMC0_0_IRQHandler
                0x080002b0                CAN0_1_IRQHandler
                0x080002b0                USIC0_2_IRQHandler
                0x080002b0                DAC0_1_IRQHandler
                0x080002b0                GPDMA1_0_IRQHandler
 *(.text .text.* .gnu.linkonce.t.*)
 .text.SystemInit
                0x080002b4       0x20 ./Startup/system_XMC4500.o
                0x080002b4                SystemInit
 .text.SystemCoreClockUpdate
                0x080002d4       0xd4 ./Startup/system_XMC4500.o
                0x080002d4                SystemCoreClockUpdate
 .text.XMC_GPIO_Init
                0x080003a8      0x140 ./Libraries/XMCLib/src/xmc4_gpio.o
                0x080003a8                XMC_GPIO_Init
 .text.XMC_SCU_CLOCK_GetCpuClockFrequency
                0x080004e8       0x18 ./Libraries/XMCLib/src/xmc4_scu.o
 .text.XMC_SCU_GetMirrorStatus
                0x08000500       0x18 ./Libraries/XMCLib/src/xmc4_scu.o
 .text.XMC_SCU_lDelay
                0x08000518       0x44 ./Libraries/XMCLib/src/xmc4_scu.o
 .text.XMC_SCU_CLOCK_Init
                0x0800055c       0xec ./Libraries/XMCLib/src/xmc4_scu.o
                0x0800055c                XMC_SCU_CLOCK_Init
 .text.XMC_SCU_RESET_DeassertPeripheralReset
                0x08000648       0x38 ./Libraries/XMCLib/src/xmc4_scu.o
                0x08000648                XMC_SCU_RESET_DeassertPeripheralReset
 .text.XMC_SCU_CLOCK_GetPeripheralClockFrequency
                0x08000680       0x20 ./Libraries/XMCLib/src/xmc4_scu.o
                0x08000680                XMC_SCU_CLOCK_GetPeripheralClockFrequency
 .text.XMC_SCU_CLOCK_SetSystemClockSource
                0x080006a0       0x28 ./Libraries/XMCLib/src/xmc4_scu.o
                0x080006a0                XMC_SCU_CLOCK_SetSystemClockSource
 .text.XMC_SCU_CLOCK_SetUsbClockSource
                0x080006c8       0x28 ./Libraries/XMCLib/src/xmc4_scu.o
                0x080006c8                XMC_SCU_CLOCK_SetUsbClockSource
 .text.XMC_SCU_CLOCK_SetWdtClockSource
                0x080006f0       0x28 ./Libraries/XMCLib/src/xmc4_scu.o
                0x080006f0                XMC_SCU_CLOCK_SetWdtClockSource
 .text.XMC_SCU_CLOCK_SetSystemPllClockSource
                0x08000718       0x40 ./Libraries/XMCLib/src/xmc4_scu.o
                0x08000718                XMC_SCU_CLOCK_SetSystemPllClockSource
 .text.XMC_SCU_HIB_SetRtcClockSource
                0x08000758       0x3c ./Libraries/XMCLib/src/xmc4_scu.o
                0x08000758                XMC_SCU_HIB_SetRtcClockSource
 .text.XMC_SCU_HIB_SetStandbyClockSource
                0x08000794       0x3c ./Libraries/XMCLib/src/xmc4_scu.o
                0x08000794                XMC_SCU_HIB_SetStandbyClockSource
 .text.XMC_SCU_CLOCK_SetSystemClockDivider
                0x080007d0       0x28 ./Libraries/XMCLib/src/xmc4_scu.o
                0x080007d0                XMC_SCU_CLOCK_SetSystemClockDivider
 .text.XMC_SCU_CLOCK_SetCcuClockDivider
                0x080007f8       0x28 ./Libraries/XMCLib/src/xmc4_scu.o
                0x080007f8                XMC_SCU_CLOCK_SetCcuClockDivider
 .text.XMC_SCU_CLOCK_SetCpuClockDivider
                0x08000820       0x28 ./Libraries/XMCLib/src/xmc4_scu.o
                0x08000820                XMC_SCU_CLOCK_SetCpuClockDivider
 .text.XMC_SCU_CLOCK_SetPeripheralClockDivider
                0x08000848       0x28 ./Libraries/XMCLib/src/xmc4_scu.o
                0x08000848                XMC_SCU_CLOCK_SetPeripheralClockDivider
 .text.XMC_SCU_CLOCK_SetUsbClockDivider
                0x08000870       0x28 ./Libraries/XMCLib/src/xmc4_scu.o
                0x08000870                XMC_SCU_CLOCK_SetUsbClockDivider
 .text.XMC_SCU_CLOCK_SetEbuClockDivider
                0x08000898       0x28 ./Libraries/XMCLib/src/xmc4_scu.o
                0x08000898                XMC_SCU_CLOCK_SetEbuClockDivider
 .text.XMC_SCU_CLOCK_SetWdtClockDivider
                0x080008c0       0x28 ./Libraries/XMCLib/src/xmc4_scu.o
                0x080008c0                XMC_SCU_CLOCK_SetWdtClockDivider
 .text.XMC_SCU_CLOCK_EnableClock
                0x080008e8       0x20 ./Libraries/XMCLib/src/xmc4_scu.o
                0x080008e8                XMC_SCU_CLOCK_EnableClock
 .text.XMC_SCU_CLOCK_StartUsbPll
                0x08000908       0x74 ./Libraries/XMCLib/src/xmc4_scu.o
                0x08000908                XMC_SCU_CLOCK_StartUsbPll
 .text.XMC_SCU_CLOCK_SetBackupClockCalibrationMode
                0x0800097c       0x4c ./Libraries/XMCLib/src/xmc4_scu.o
                0x0800097c                XMC_SCU_CLOCK_SetBackupClockCalibrationMode
 .text.XMC_SCU_HIB_EnableHibernateDomain
                0x080009c8       0x58 ./Libraries/XMCLib/src/xmc4_scu.o
                0x080009c8                XMC_SCU_HIB_EnableHibernateDomain
 .text.XMC_SCU_CLOCK_IsLowPowerOscillatorStable
                0x08000a20       0x24 ./Libraries/XMCLib/src/xmc4_scu.o
                0x08000a20                XMC_SCU_CLOCK_IsLowPowerOscillatorStable
 .text.XMC_SCU_CLOCK_EnableLowPowerOscillator
                0x08000a44       0x68 ./Libraries/XMCLib/src/xmc4_scu.o
                0x08000a44                XMC_SCU_CLOCK_EnableLowPowerOscillator
 .text.XMC_SCU_CLOCK_EnableHighPerformanceOscillator
                0x08000aac       0x50 ./Libraries/XMCLib/src/xmc4_scu.o
                0x08000aac                XMC_SCU_CLOCK_EnableHighPerformanceOscillator
 .text.XMC_SCU_CLOCK_IsHighPerformanceOscillatorStable
                0x08000afc       0x28 ./Libraries/XMCLib/src/xmc4_scu.o
                0x08000afc                XMC_SCU_CLOCK_IsHighPerformanceOscillatorStable
 .text.XMC_SCU_CLOCK_EnableSystemPll
                0x08000b24       0x20 ./Libraries/XMCLib/src/xmc4_scu.o
                0x08000b24                XMC_SCU_CLOCK_EnableSystemPll
 .text.XMC_SCU_CLOCK_DisableSystemPll
                0x08000b44       0x20 ./Libraries/XMCLib/src/xmc4_scu.o
                0x08000b44                XMC_SCU_CLOCK_DisableSystemPll
 .text.XMC_SCU_CLOCK_StartSystemPll
                0x08000b64      0x174 ./Libraries/XMCLib/src/xmc4_scu.o
                0x08000b64                XMC_SCU_CLOCK_StartSystemPll
 .text.XMC_SCU_CLOCK_StepSystemPllFrequency
                0x08000cd8       0x2c ./Libraries/XMCLib/src/xmc4_scu.o
                0x08000cd8                XMC_SCU_CLOCK_StepSystemPllFrequency
 .text.XMC_CCU4_StartPrescaler
                0x08000d04       0x20 ./Libraries/XMCLib/src/xmc_ccu4.o
 .text.XMC_CCU4_lDeassertReset
                0x08000d24       0x60 ./Libraries/XMCLib/src/xmc_ccu4.o
 .text.XMC_CCU4_EnableModule
                0x08000d84       0x1c ./Libraries/XMCLib/src/xmc_ccu4.o
                0x08000d84                XMC_CCU4_EnableModule
 .text.XMC_CCU4_Init
                0x08000da0       0x3c ./Libraries/XMCLib/src/xmc_ccu4.o
                0x08000da0                XMC_CCU4_Init
 .text.XMC_CCU4_SLICE_CompareInit
                0x08000ddc       0x6c ./Libraries/XMCLib/src/xmc_ccu4.o
                0x08000ddc                XMC_CCU4_SLICE_CompareInit
 .text.XMC_CCU4_SLICE_SetPrescaler
                0x08000e48       0x3c ./Libraries/XMCLib/src/xmc_ccu4.o
                0x08000e48                XMC_CCU4_SLICE_SetPrescaler
 .text.XMC_CCU4_SLICE_SetInterruptNode
                0x08000e84       0xb0 ./Libraries/XMCLib/src/xmc_ccu4.o
                0x08000e84                XMC_CCU4_SLICE_SetInterruptNode
 .text.XMC_GPIO_SetHardwareControl
                0x08000f34       0x44 ./Libraries/XMCLib/src/xmc_gpio.o
                0x08000f34                XMC_GPIO_SetHardwareControl
 .text.XMC_USIC_CH_GetTransmitBufferStatus
                0x08000f78       0x20 ./Libraries/XMCLib/src/xmc_uart.o
 .text.XMC_UART_CH_ClearStatusFlag
                0x08000f98       0x1c ./Libraries/XMCLib/src/xmc_uart.o
 .text.XMC_UART_CH_Init
                0x08000fb4       0xac ./Libraries/XMCLib/src/xmc_uart.o
                0x08000fb4                XMC_UART_CH_Init
 .text.XMC_UART_CH_Transmit
                0x08001060       0x4c ./Libraries/XMCLib/src/xmc_uart.o
                0x08001060                XMC_UART_CH_Transmit
 .text.XMC_UART_CH_GetReceivedData
                0x080010ac       0x34 ./Libraries/XMCLib/src/xmc_uart.o
                0x080010ac                XMC_UART_CH_GetReceivedData
 .text.XMC_USIC_CH_Enable
                0x080010e0       0x98 ./Libraries/XMCLib/src/xmc_usic.o
                0x080010e0                XMC_USIC_CH_Enable
 .text.XMC_USIC_CH_SetBaudrate
                0x08001178       0xe0 ./Libraries/XMCLib/src/xmc_usic.o
                0x08001178                XMC_USIC_CH_SetBaudrate
 .text.XMC_USIC_CH_TXFIFO_Configure
                0x08001258       0x50 ./Libraries/XMCLib/src/xmc_usic.o
                0x08001258                XMC_USIC_CH_TXFIFO_Configure
 .text.XMC_USIC_CH_RXFIFO_Configure
                0x080012a8       0x54 ./Libraries/XMCLib/src/xmc_usic.o
                0x080012a8                XMC_USIC_CH_RXFIFO_Configure
 .text.XMC_USIC_CH_RXFIFO_SetSizeTriggerLimit
                0x080012fc       0x44 ./Libraries/XMCLib/src/xmc_usic.o
                0x080012fc                XMC_USIC_CH_RXFIFO_SetSizeTriggerLimit
 .text.XMC_USIC_CH_SetInterruptNodePointer
                0x08001340       0x38 ./Libraries/XMCLib/src/xmc_usic.o
                0x08001340                XMC_USIC_CH_SetInterruptNodePointer
 .text.XMC_USIC_CH_TXFIFO_SetInterruptNodePointer
                0x08001378       0x3c ./Libraries/XMCLib/src/xmc_usic.o
                0x08001378                XMC_USIC_CH_TXFIFO_SetInterruptNodePointer
 .text.XMC_USIC_CH_RXFIFO_SetInterruptNodePointer
                0x080013b4       0x3c ./Libraries/XMCLib/src/xmc_usic.o
                0x080013b4                XMC_USIC_CH_RXFIFO_SetInterruptNodePointer
 .text.XMC_USIC_Enable
                0x080013f0       0x54 ./Libraries/XMCLib/src/xmc_usic.o
                0x080013f0                XMC_USIC_Enable
 .text._init    0x08001444        0xc ./Libraries/Newlib/syscalls.o
                0x08001444                _init
 .text.XMC_USIC_CH_EnableEvent
                0x08001450       0x20 ./Dave/Generated/UART/uart.o
 .text.XMC_USIC_CH_DisableEvent
                0x08001470       0x24 ./Dave/Generated/UART/uart.o
 .text.XMC_USIC_CH_GetTransmitBufferStatus
                0x08001494       0x20 ./Dave/Generated/UART/uart.o
 .text.XMC_USIC_CH_TriggerServiceRequest
                0x080014b4       0x20 ./Dave/Generated/UART/uart.o
 .text.XMC_USIC_CH_TXFIFO_EnableEvent
                0x080014d4       0x24 ./Dave/Generated/UART/uart.o
 .text.XMC_USIC_CH_TXFIFO_DisableEvent
                0x080014f8       0x28 ./Dave/Generated/UART/uart.o
 .text.XMC_USIC_CH_TXFIFO_Flush
                0x08001520       0x1c ./Dave/Generated/UART/uart.o
 .text.XMC_USIC_CH_TXFIFO_IsFull
                0x0800153c       0x28 ./Dave/Generated/UART/uart.o
 .text.XMC_USIC_CH_TXFIFO_IsEmpty
                0x08001564       0x28 ./Dave/Generated/UART/uart.o
 .text.XMC_USIC_CH_RXFIFO_EnableEvent
                0x0800158c       0x24 ./Dave/Generated/UART/uart.o
 .text.XMC_USIC_CH_RXFIFO_DisableEvent
                0x080015b0       0x28 ./Dave/Generated/UART/uart.o
 .text.XMC_USIC_CH_RXFIFO_Flush
                0x080015d8       0x1c ./Dave/Generated/UART/uart.o
 .text.XMC_USIC_CH_RXFIFO_IsEmpty
                0x080015f4       0x28 ./Dave/Generated/UART/uart.o
 .text.UART_Init
                0x0800161c       0x24 ./Dave/Generated/UART/uart.o
                0x0800161c                UART_Init
 .text.UART_Transmit
                0x08001640       0x38 ./Dave/Generated/UART/uart.o
                0x08001640                UART_Transmit
 .text.UART_Receive
                0x08001678       0x38 ./Dave/Generated/UART/uart.o
                0x08001678                UART_Receive
 .text.UART_StartTransmitIRQ
                0x080016b0       0xb8 ./Dave/Generated/UART/uart.o
                0x080016b0                UART_StartTransmitIRQ
 .text.UART_StartReceiveIRQ
                0x08001768       0xac ./Dave/Generated/UART/uart.o
                0x08001768                UART_StartReceiveIRQ
 .text.UART_lTransmitHandler
                0x08001814      0x10c ./Dave/Generated/UART/uart.o
                0x08001814                UART_lTransmitHandler
 .text.UART_lReceiveHandler
                0x08001920      0x120 ./Dave/Generated/UART/uart.o
                0x08001920                UART_lReceiveHandler
 .text.UART_lReconfigureRxFIFO
                0x08001a40       0x50 ./Dave/Generated/UART/uart.o
 .text.__NVIC_GetPriorityGrouping
                0x08001a90       0x1c ./Dave/Generated/UART/uart_conf.o
 .text.__NVIC_EnableIRQ
                0x08001aac       0x38 ./Dave/Generated/UART/uart_conf.o
 .text.__NVIC_SetPriority
                0x08001ae4       0x54 ./Dave/Generated/UART/uart_conf.o
 .text.NVIC_EncodePriority
                0x08001b38       0x64 ./Dave/Generated/UART/uart_conf.o
 .text.XMC_USIC_CH_SetInputSource
                0x08001b9c       0x3c ./Dave/Generated/UART/uart_conf.o
 .text.XMC_UART_CH_Start
                0x08001bd8       0x24 ./Dave/Generated/UART/uart_conf.o
 .text.RS_init  0x08001bfc       0xc8 ./Dave/Generated/UART/uart_conf.o
                0x08001bfc                RS_init
 .text.USIC1_1_IRQHandler
                0x08001cc4       0x10 ./Dave/Generated/UART/uart_conf.o
                0x08001cc4                USIC1_1_IRQHandler
 .text.USIC1_0_IRQHandler
                0x08001cd4       0x10 ./Dave/Generated/UART/uart_conf.o
                0x08001cd4                USIC1_0_IRQHandler
 .text.XMC_CCU4_EnableClock
                0x08001ce4       0x28 ./Dave/Generated/TIMER/timer.o
 .text.XMC_CCU4_SLICE_IsTimerRunning
                0x08001d0c       0x28 ./Dave/Generated/TIMER/timer.o
 .text.XMC_CCU4_SLICE_StartTimer
                0x08001d34       0x18 ./Dave/Generated/TIMER/timer.o
 .text.XMC_CCU4_SLICE_StopTimer
                0x08001d4c       0x18 ./Dave/Generated/TIMER/timer.o
 .text.XMC_CCU4_SLICE_ClearTimer
                0x08001d64       0x18 ./Dave/Generated/TIMER/timer.o
 .text.XMC_CCU4_SLICE_SetTimerPeriodMatch
                0x08001d7c       0x1c ./Dave/Generated/TIMER/timer.o
 .text.XMC_CCU4_SLICE_SetTimerCompareMatch
                0x08001d98       0x1c ./Dave/Generated/TIMER/timer.o
 .text.XMC_CCU4_EnableShadowTransfer
                0x08001db4       0x1c ./Dave/Generated/TIMER/timer.o
 .text.XMC_CCU4_SLICE_EnableEvent
                0x08001dd0       0x2c ./Dave/Generated/TIMER/timer.o
 .text.TIMER_Init
                0x08001dfc       0x3c ./Dave/Generated/TIMER/timer.o
                0x08001dfc                TIMER_Init
 .text.TIMER_Start
                0x08001e38       0x3c ./Dave/Generated/TIMER/timer.o
                0x08001e38                TIMER_Start
 .text.TIMER_Stop
                0x08001e74       0x48 ./Dave/Generated/TIMER/timer.o
                0x08001e74                TIMER_Stop
 .text.TIMER_GetTimerStatus
                0x08001ebc       0x30 ./Dave/Generated/TIMER/timer.o
                0x08001ebc                TIMER_GetTimerStatus
 *fill*         0x08001eec        0x4 
 .text.TIMER_SetTimeInterval
                0x08001ef0      0x128 ./Dave/Generated/TIMER/timer.o
                0x08001ef0                TIMER_SetTimeInterval
 .text.TIMER_CCU4_lInit
                0x08002018       0x98 ./Dave/Generated/TIMER/timer.o
                0x08002018                TIMER_CCU4_lInit
 .text.TIMER_CCU4_lShadowTransfer
                0x080020b0       0x3c ./Dave/Generated/TIMER/timer.o
                0x080020b0                TIMER_CCU4_lShadowTransfer
 .text.__NVIC_GetPriorityGrouping
                0x080020ec       0x1c ./Dave/Generated/INTERRUPT/interrupt.o
 .text.__NVIC_EnableIRQ
                0x08002108       0x38 ./Dave/Generated/INTERRUPT/interrupt.o
 .text.__NVIC_SetPriority
                0x08002140       0x54 ./Dave/Generated/INTERRUPT/interrupt.o
 .text.NVIC_EncodePriority
                0x08002194       0x64 ./Dave/Generated/INTERRUPT/interrupt.o
 .text.INTERRUPT_Enable
                0x080021f8       0x1c ./Dave/Generated/INTERRUPT/interrupt.o
 .text.INTERRUPT_Init
                0x08002214       0x4c ./Dave/Generated/INTERRUPT/interrupt.o
                0x08002214                INTERRUPT_Init
 .text.XMC_CCU4_StartPrescaler
                0x08002260       0x20 ./Dave/Generated/GLOBAL_CCU4/global_ccu4.o
 .text.GLOBAL_CCU4_Init
                0x08002280       0x40 ./Dave/Generated/GLOBAL_CCU4/global_ccu4.o
                0x08002280                GLOBAL_CCU4_Init
 .text.DIGITAL_IO_Init
                0x080022c0       0x40 ./Dave/Generated/DIGITAL_IO/digital_io.o
                0x080022c0                DIGITAL_IO_Init
 .text.__NVIC_SetPriorityGrouping
                0x08002300       0x48 ./Dave/Generated/CPU_CTRL_XMC4/cpu_ctrl_xmc4_conf.o
 .text.SystemCoreSetup
                0x08002348       0xa0 ./Dave/Generated/CPU_CTRL_XMC4/cpu_ctrl_xmc4_conf.o
                0x08002348                SystemCoreSetup
 .text.CLOCK_XMC4_Init
                0x080023e8       0x20 ./Dave/Generated/CLOCK_XMC4/clock_xmc4.o
                0x080023e8                CLOCK_XMC4_Init
 .text.OSCHP_GetFrequency
                0x08002408       0x14 ./Dave/Generated/CLOCK_XMC4/clock_xmc4.o
                0x08002408                OSCHP_GetFrequency
 .text.SystemCoreClockSetup
                0x0800241c       0x54 ./Dave/Generated/CLOCK_XMC4/clock_xmc4_conf.o
                0x0800241c                SystemCoreClockSetup
 .text.DAVE_Init
                0x08002470       0x74 ./Dave/Generated/DAVE.o
                0x08002470                DAVE_Init
 .text.XMC_GPIO_SetOutputHigh
                0x080024e4       0x20 ./main.o
 .text.XMC_GPIO_SetOutputLow
                0x08002504       0x24 ./main.o
 .text.XMC_GPIO_ToggleOutput
                0x08002528       0x24 ./main.o
 .text.UART_IsTxBusy
                0x0800254c       0x1c ./main.o
 .text.DIGITAL_IO_SetOutputHigh
                0x08002568       0x20 ./main.o
 .text.DIGITAL_IO_SetOutputLow
                0x08002588       0x20 ./main.o
 .text.DIGITAL_IO_ToggleOutput
                0x080025a8       0x20 ./main.o
 .text.delay    0x080025c8       0x44 ./main.o
                0x080025c8                delay
 .text.Init     0x0800260c       0xa8 ./main.o
                0x0800260c                Init
 .text.CCU43_1_IRQHandler
                0x080026b4       0x18 ./main.o
                0x080026b4                CCU43_1_IRQHandler
 .text.Update   0x080026cc       0xf4 ./main.o
                0x080026cc                Update
 .text.Spring   0x080027c0       0x6c ./main.o
                0x080027c0                Spring
 .text.XMC_Init
                0x0800282c       0x7c ./main.o
                0x0800282c                XMC_Init
 .text.XMC_Check
                0x080028a8       0x58 ./main.o
                0x080028a8                XMC_Check
 .text.eorx     0x08002900       0x80 ./main.o
                0x08002900                eorx
 .text.eotx     0x08002980        0xc ./main.o
                0x08002980                eotx
 .text.Message_interpreter
                0x0800298c       0xb8 ./main.o
                0x0800298c                Message_interpreter
 .text.Send_Leg
                0x08002a44       0x78 ./main.o
                0x08002a44                Send_Leg
 .text.Send     0x08002abc       0x40 ./main.o
                0x08002abc                Send
 .text.main     0x08002afc       0x90 ./main.o
                0x08002afc                main
 .text          0x08002b8c       0x2c c:/davev4-64bit/dave-4.3.2/eclipse/arm-gcc-49/bin/../lib/gcc/arm-none-eabi/4.9.3/armv7e-m/softfp\libgcc.a(_aeabi_uldivmod.o)
                0x08002b8c                __aeabi_uldivmod
 .text          0x08002bb8       0x60 c:/davev4-64bit/dave-4.3.2/eclipse/arm-gcc-49/bin/../lib/gcc/arm-none-eabi/4.9.3/armv7e-m/softfp\libgcc.a(bpabi.o)
                0x08002bb8                __gnu_ldivmod_helper
                0x08002be8                __gnu_uldivmod_helper
 .text          0x08002c18        0x4 c:/davev4-64bit/dave-4.3.2/eclipse/arm-gcc-49/bin/../lib/gcc/arm-none-eabi/4.9.3/armv7e-m/softfp\libgcc.a(_dvmd_tls.o)
                0x08002c18                __aeabi_idiv0
                0x08002c18                __aeabi_ldiv0
 .text          0x08002c1c      0x29c c:/davev4-64bit/dave-4.3.2/eclipse/arm-gcc-49/bin/../lib/gcc/arm-none-eabi/4.9.3/armv7e-m/softfp\libgcc.a(_divdi3.o)
                0x08002c1c                __divdi3
 .text          0x08002eb8      0x26c c:/davev4-64bit/dave-4.3.2/eclipse/arm-gcc-49/bin/../lib/gcc/arm-none-eabi/4.9.3/armv7e-m/softfp\libgcc.a(_udivdi3.o)
                0x08002eb8                __udivdi3
 .text.__libc_init_array
                0x08003124       0x4c c:/davev4-64bit/dave-4.3.2/eclipse/arm-gcc-49/bin/../lib/gcc/arm-none-eabi/4.9.3/../../../../arm-none-eabi/lib/armv7e-m/softfp\libg_nano.a(lib_a-init.o)
                0x08003124                __libc_init_array
 *(.init)
 *(.fini)
 *crtbegin.o(.ctors)
 *crtbegin?.o(.ctors)
 *(EXCLUDE_FILE(*crtend.o *crtend?.o) .ctors)
 *(SORT(.ctors.*))
 *(.ctors)
 *crtbegin.o(.dtors)
 *crtbegin?.o(.dtors)
 *(EXCLUDE_FILE(*crtend.o *crtend?.o) .dtors)
 *(SORT(.dtors.*))
 *(.dtors)
 *(.rodata .rodata.*)
 .rodata.RS_channel_config
                0x08003170        0xc ./Dave/Generated/UART/uart_conf.o
                0x08003170                RS_channel_config
 .rodata.RS_tx_pin_config
                0x0800317c        0xc ./Dave/Generated/UART/uart_conf.o
                0x0800317c                RS_tx_pin_config
 .rodata.RS_tx_pin
                0x08003188        0xc ./Dave/Generated/UART/uart_conf.o
                0x08003188                RS_tx_pin
 .rodata.RS_config
                0x08003194       0x30 ./Dave/Generated/UART/uart_conf.o
                0x08003194                RS_config
 .rodata.TIM_IRQ
                0x080031c4        0x4 ./Dave/Generated/INTERRUPT/interrupt_conf.o
                0x080031c4                TIM_IRQ
 .rodata.LED1   0x080031c8       0x14 ./Dave/Generated/DIGITAL_IO/digital_io_conf.o
                0x080031c8                LED1
 .rodata        0x080031dc       0x14 ./Dave/Generated/CLOCK_XMC4/clock_xmc4_conf.o
 *(.gnu.linkonce.r*)
 *(vtable)
                0x080031f0                . = ALIGN (0x4)

.glue_7         0x080031f0        0x0 load address 0x0c0031f0
 .glue_7        0x00000000        0x0 linker stubs

.glue_7t        0x080031f0        0x0 load address 0x0c0031f0
 .glue_7t       0x00000000        0x0 linker stubs

.vfp11_veneer   0x080031f0        0x0 load address 0x0c0031f0
 .vfp11_veneer  0x00000000        0x0 linker stubs

.v4_bx          0x080031f0        0x0 load address 0x0c0031f0
 .v4_bx         0x00000000        0x0 linker stubs

.iplt           0x080031f0        0x0 load address 0x0c0031f0
 .iplt          0x00000000        0x0 ./Startup/startup_XMC4500.o

.eh_frame_hdr
 *(.eh_frame_hdr)

.eh_frame
 *(.eh_frame)

.ARM.extab
 *(.ARM.extab* .gnu.linkonce.armextab.*)
                0x080031f0                . = ALIGN (0x4)
                0x080031f0                __exidx_start = .

.ARM.exidx      0x080031f0        0x8 load address 0x0c0031f0
 *(.ARM.exidx* .gnu.linkonce.armexidx.*)
 .ARM.exidx     0x080031f0        0x8 c:/davev4-64bit/dave-4.3.2/eclipse/arm-gcc-49/bin/../lib/gcc/arm-none-eabi/4.9.3/armv7e-m/softfp\libgcc.a(_divdi3.o)
 .ARM.exidx     0x080031f8        0x0 c:/davev4-64bit/dave-4.3.2/eclipse/arm-gcc-49/bin/../lib/gcc/arm-none-eabi/4.9.3/armv7e-m/softfp\libgcc.a(_udivdi3.o)
                                  0x8 (size before relaxing)
                0x080031f8                __exidx_end = .

.rel.dyn        0x080031f8        0x0 load address 0x0c0031f8
 .rel.iplt      0x00000000        0x0 ./Startup/startup_XMC4500.o
                0x080031f8                . = ALIGN (0x4)

Stack           0x10000000      0x800
                0x10000000                __stack_start = .
                0x10000800                . = (. + stack_size)
 *fill*         0x10000000      0x800 
                0x10000800                __stack_end = .
                0x10000800                __initial_sp = .

.ram_code       0x10000800        0x0 load address 0x0c0031f8
                0x10000800                . = ALIGN (0x4)
                0x10000800                __ram_code_start = .
 *(.ram_code)
                0x10000800                . = ALIGN (0x4)
                0x10000800                __ram_code_end = .
                0x0c0031f8                __ram_code_load = LOADADDR (.ram_code)
                0x00000000                __ram_code_size = (__ram_code_end - __ram_code_start)

PSRAM_DATA      0x10000800        0x0 load address 0x0c0031f8
                0x10000800                . = ALIGN (0x4)
                0x10000800                __data3_start = .
 *(PSRAM_DATA)
                0x10000800                . = ALIGN (0x4)
                0x10000800                __data3_end = .
                0x0c0031f8                __data3_load = LOADADDR (PSRAM_DATA)
                0x00000000                __data3_size = (__data3_end - __data3_start)

PSRAM_BSS       0x10000800        0x0 load address 0x0c0031f8
                0x10000800                . = ALIGN (0x4)
                0x10000800                __bss3_start = .
 *(PSRAM_BSS)
                0x10000800                . = ALIGN (0x4)
                0x10000800                __bss3_end = .
                0x10000800                . = ALIGN (0x8)
                0x10000800                Heap_Bank3_Start = .
                0x00000000                __bss3_size = (__bss3_end - __bss3_start)

.data           0x20000000       0x50 load address 0x0c0031f8
                0x20000000                . = ALIGN (0x4)
                0x20000000                __data_start = .
 *(.data)
 *(.data*)
 .data.RS       0x20000000        0xc ./Dave/Generated/UART/uart_conf.o
                0x20000000                RS
 .data.DELAY    0x2000000c       0x28 ./Dave/Generated/TIMER/timer_conf.o
                0x2000000c                DELAY
 .data.GLOBAL_CCU4_0
                0x20000034       0x10 ./Dave/Generated/GLOBAL_CCU4/global_ccu4_conf.o
                0x20000034                GLOBAL_CCU4_0
 .data.pi       0x20000044        0x4 ./main.o
                0x20000044                pi
 .data.dt       0x20000048        0x4 ./main.o
                0x20000048                dt
 .data.adress   0x2000004c        0x1 ./main.o
                0x2000004c                adress
 .data.is_delay
                0x2000004d        0x1 ./main.o
                0x2000004d                is_delay
 *(*.data)
 *(.gnu.linkonce.d*)
                0x20000050                . = ALIGN (0x4)
 *fill*         0x2000004e        0x2 
                0x20000050                PROVIDE (__preinit_array_start, .)
 *(.preinit_array)
                0x20000050                PROVIDE (__preinit_array_end, .)
                0x20000050                . = ALIGN (0x4)
                0x20000050                PROVIDE (__init_array_start, .)
 *(SORT(.init_array.*))
 *(.init_array)
                0x20000050                PROVIDE (__init_array_end, .)
                0x20000050                . = ALIGN (0x4)
                0x20000050                PROVIDE (__fini_array_start, .)
 *(SORT(.fini_array.*))
 *(.fini_array)
                0x20000050                PROVIDE (__fini_array_end, .)
                0x20000050                . = ALIGN (0x4)
                0x20000050                __data_end = .
                0x0c0031f8                __data_load = LOADADDR (.data)
                0x00000050                __data_size = (__data_end - __data_start)

.igot.plt       0x20000050        0x0 load address 0x0c003248
 .igot.plt      0x00000000        0x0 ./Startup/startup_XMC4500.o

.bss            0x20000050       0x98 load address 0x0c003248
                0x20000050                . = ALIGN (0x4)
                0x20000050                __bss_start = .
 *(.bss)
 *(.bss*)
 .bss.RS_runtime
                0x20000050       0x1c ./Dave/Generated/UART/uart_conf.o
                0x20000050                RS_runtime
 .bss.DELAY_config
                0x2000006c        0x8 ./Dave/Generated/TIMER/timer_conf.o
                0x2000006c                DELAY_config
 .bss.CLOCK_XMC4_0
                0x20000074        0x4 ./Dave/Generated/CLOCK_XMC4/clock_xmc4_conf.o
                0x20000074                CLOCK_XMC4_0
 .bss.t         0x20000078        0x4 ./main.o
                0x20000078                t
 .bss.rxByte    0x2000007c        0x1 ./main.o
                0x2000007c                rxByte
 .bss.iterator_wiadomosci
                0x2000007d        0x1 ./main.o
                0x2000007d                iterator_wiadomosci
 .bss.init      0x2000007e        0x1 ./main.o
                0x2000007e                init
 *(COMMON)
 *fill*         0x2000007f        0x1 
 COMMON         0x20000080       0x62 ./main.o
                0x20000080                stanowisko
                0x200000cc                rxData
                0x200000d8                txData
 *(.gnu.linkonce.b*)
                0x200000e4                . = ALIGN (0x4)
 *fill*         0x200000e2        0x2 
                0x200000e4                __bss_end = .
                0x200000e8                . = ALIGN (0x8)
 *fill*         0x200000e4        0x4 
                0x200000e8                Heap_Bank1_Start = .
                0x00000094                __bss_size = (__bss_end - __bss_start)

.no_init        0x2000ffc0       0x14
                0x2000ffc0                Heap_Bank1_End = .
 *(.no_init)
 .no_init       0x2000ffc0       0x14 ./Startup/system_XMC4500.o
                0x2000ffc0                SystemCoreClock
                0x2000ffc4                g_chipid

DSRAM2_DATA     0x30000000        0x0 load address 0x0c003248
                0x30000000                . = ALIGN (0x4)
                0x30000000                __data2_start = .
 *(DSRAM2_DATA)
                0x30000000                . = ALIGN (0x4)
                0x30000000                __data2_end = .
                0x0c003248                __data2_load = LOADADDR (DSRAM2_DATA)
                0x00000000                __data2_size = (__data2_end - __data2_start)
                0x00003248                __text_size = (((((__exidx_end - sText) + __data_size) + __ram_code_size) + __data2_size) + __data3_size)
                0x08003248                eText = (sText + __text_size)

DSRAM2_BSS      0x30000000        0x0 load address 0x0c003248
                0x30000000                . = ALIGN (0x4)
                0x30000000                __bss2_start = .
 *(ETH_RAM)
 *(USB_RAM)
 *(DSRAM2_BSS)
                0x30000000                . = ALIGN (0x4)
                0x30000000                __bss2_end = .
                0x30000000                . = ALIGN (0x8)
                0x30000000                Heap_Bank2_Start = .
                0x00000000                __bss2_size = (__bss2_end - __bss2_start)
                0x0000fed8                Heap_Bank1_Size = (Heap_Bank1_End - Heap_Bank1_Start)
                0x00008000                Heap_Bank2_Size = (0x8000 - (Heap_Bank2_Start - ORIGIN (DSRAM_2_comm)))
                0x0000f800                Heap_Bank3_Size = (0x10000 - (Heap_Bank3_Start - ORIGIN (PSRAM_1)))
                0x00000001                ASSERT ((Heap_Bank1_Start <= Heap_Bank1_End), region SRAM_combined overflowed no_init section)

/DISCARD/
 *(.comment)

.stab
 *(.stab)

.stabstr
 *(.stabstr)

.debug
 *(.debug)

.line
 *(.line)

.debug_srcinfo
 *(.debug_srcinfo)

.debug_sfnames
 *(.debug_sfnames)

.debug_aranges  0x00000000      0xb78
 *(.debug_aranges)
 .debug_aranges
                0x00000000       0x20 ./Startup/startup_XMC4500.o
 .debug_aranges
                0x00000020       0x48 ./Startup/system_XMC4500.o
 .debug_aranges
                0x00000068       0x28 ./Libraries/XMCLib/src/xmc4_gpio.o
 .debug_aranges
                0x00000090      0x3c8 ./Libraries/XMCLib/src/xmc4_scu.o
 .debug_aranges
                0x00000458      0x128 ./Libraries/XMCLib/src/xmc_ccu4.o
 .debug_aranges
                0x00000580       0x28 ./Libraries/XMCLib/src/xmc_gpio.o
 .debug_aranges
                0x000005a8       0x70 ./Libraries/XMCLib/src/xmc_uart.o
 .debug_aranges
                0x00000618       0x90 ./Libraries/XMCLib/src/xmc_usic.o
 .debug_aranges
                0x000006a8       0x28 ./Libraries/Newlib/syscalls.o
 .debug_aranges
                0x000006d0       0xf8 ./Dave/Generated/UART/uart.o
 .debug_aranges
                0x000007c8       0x60 ./Dave/Generated/UART/uart_conf.o
 .debug_aranges
                0x00000828       0xd8 ./Dave/Generated/TIMER/timer.o
 .debug_aranges
                0x00000900       0x18 ./Dave/Generated/TIMER/timer_conf.o
 .debug_aranges
                0x00000918       0x50 ./Dave/Generated/INTERRUPT/interrupt.o
 .debug_aranges
                0x00000968       0x18 ./Dave/Generated/INTERRUPT/interrupt_conf.o
 .debug_aranges
                0x00000980       0x30 ./Dave/Generated/GLOBAL_CCU4/global_ccu4.o
 .debug_aranges
                0x000009b0       0x18 ./Dave/Generated/GLOBAL_CCU4/global_ccu4_conf.o
 .debug_aranges
                0x000009c8       0x28 ./Dave/Generated/DIGITAL_IO/digital_io.o
 .debug_aranges
                0x000009f0       0x18 ./Dave/Generated/DIGITAL_IO/digital_io_conf.o
 .debug_aranges
                0x00000a08       0x28 ./Dave/Generated/CPU_CTRL_XMC4/cpu_ctrl_xmc4_conf.o
 .debug_aranges
                0x00000a30       0x38 ./Dave/Generated/CLOCK_XMC4/clock_xmc4.o
 .debug_aranges
                0x00000a68       0x20 ./Dave/Generated/CLOCK_XMC4/clock_xmc4_conf.o
 .debug_aranges
                0x00000a88       0x20 ./Dave/Generated/DAVE.o
 .debug_aranges
                0x00000aa8       0xd0 ./main.o

.debug_pubnames
 *(.debug_pubnames)

.debug_pubtypes
 *(.debug_pubtypes)

.debug_info     0x00000000     0xefa2
 *(.debug_info .gnu.linkonce.wi.*)
 .debug_info    0x00000000       0x7b ./Startup/startup_XMC4500.o
 .debug_info    0x0000007b      0x8b7 ./Startup/system_XMC4500.o
 .debug_info    0x00000932      0x422 ./Libraries/XMCLib/src/xmc4_gpio.o
 .debug_info    0x00000d54     0x20c4 ./Libraries/XMCLib/src/xmc4_scu.o
 .debug_info    0x00002e18     0x15c0 ./Libraries/XMCLib/src/xmc_ccu4.o
 .debug_info    0x000043d8      0x39d ./Libraries/XMCLib/src/xmc_gpio.o
 .debug_info    0x00004775      0x88c ./Libraries/XMCLib/src/xmc_uart.o
 .debug_info    0x00005001      0xb5d ./Libraries/XMCLib/src/xmc_usic.o
 .debug_info    0x00005b5e      0x11f ./Libraries/Newlib/syscalls.o
 .debug_info    0x00005c7d     0x14c6 ./Dave/Generated/UART/uart.o
 .debug_info    0x00007143     0x135a ./Dave/Generated/UART/uart_conf.o
 .debug_info    0x0000849d      0xd93 ./Dave/Generated/TIMER/timer.o
 .debug_info    0x00009230      0x83b ./Dave/Generated/TIMER/timer_conf.o
 .debug_info    0x00009a6b      0x910 ./Dave/Generated/INTERRUPT/interrupt.o
 .debug_info    0x0000a37b      0x405 ./Dave/Generated/INTERRUPT/interrupt_conf.o
 .debug_info    0x0000a780      0x3be ./Dave/Generated/GLOBAL_CCU4/global_ccu4.o
 .debug_info    0x0000ab3e      0x2be ./Dave/Generated/GLOBAL_CCU4/global_ccu4_conf.o
 .debug_info    0x0000adfc      0x4dc ./Dave/Generated/DIGITAL_IO/digital_io.o
 .debug_info    0x0000b2d8      0x417 ./Dave/Generated/DIGITAL_IO/digital_io_conf.o
 .debug_info    0x0000b6ef      0x475 ./Dave/Generated/CPU_CTRL_XMC4/cpu_ctrl_xmc4_conf.o
 .debug_info    0x0000bb64      0x224 ./Dave/Generated/CLOCK_XMC4/clock_xmc4.o
 .debug_info    0x0000bd88      0x385 ./Dave/Generated/CLOCK_XMC4/clock_xmc4_conf.o
 .debug_info    0x0000c10d     0x1553 ./Dave/Generated/DAVE.o
 .debug_info    0x0000d660     0x1942 ./main.o

.debug_abbrev   0x00000000     0x254d
 *(.debug_abbrev)
 .debug_abbrev  0x00000000       0x14 ./Startup/startup_XMC4500.o
 .debug_abbrev  0x00000014      0x1a1 ./Startup/system_XMC4500.o
 .debug_abbrev  0x000001b5      0x11b ./Libraries/XMCLib/src/xmc4_gpio.o
 .debug_abbrev  0x000002d0      0x289 ./Libraries/XMCLib/src/xmc4_scu.o
 .debug_abbrev  0x00000559      0x1fc ./Libraries/XMCLib/src/xmc_ccu4.o
 .debug_abbrev  0x00000755      0x10c ./Libraries/XMCLib/src/xmc_gpio.o
 .debug_abbrev  0x00000861      0x1fe ./Libraries/XMCLib/src/xmc_uart.o
 .debug_abbrev  0x00000a5f      0x1eb ./Libraries/XMCLib/src/xmc_usic.o
 .debug_abbrev  0x00000c4a       0xbd ./Libraries/Newlib/syscalls.o
 .debug_abbrev  0x00000d07      0x266 ./Dave/Generated/UART/uart.o
 .debug_abbrev  0x00000f6d      0x25c ./Dave/Generated/UART/uart_conf.o
 .debug_abbrev  0x000011c9      0x22b ./Dave/Generated/TIMER/timer.o
 .debug_abbrev  0x000013f4      0x15a ./Dave/Generated/TIMER/timer_conf.o
 .debug_abbrev  0x0000154e      0x1da ./Dave/Generated/INTERRUPT/interrupt.o
 .debug_abbrev  0x00001728       0x97 ./Dave/Generated/INTERRUPT/interrupt_conf.o
 .debug_abbrev  0x000017bf      0x16f ./Dave/Generated/GLOBAL_CCU4/global_ccu4.o
 .debug_abbrev  0x0000192e       0xfd ./Dave/Generated/GLOBAL_CCU4/global_ccu4_conf.o
 .debug_abbrev  0x00001a2b      0x148 ./Dave/Generated/DIGITAL_IO/digital_io.o
 .debug_abbrev  0x00001b73       0xfd ./Dave/Generated/DIGITAL_IO/digital_io_conf.o
 .debug_abbrev  0x00001c70      0x184 ./Dave/Generated/CPU_CTRL_XMC4/cpu_ctrl_xmc4_conf.o
 .debug_abbrev  0x00001df4      0x10f ./Dave/Generated/CLOCK_XMC4/clock_xmc4.o
 .debug_abbrev  0x00001f03      0x104 ./Dave/Generated/CLOCK_XMC4/clock_xmc4_conf.o
 .debug_abbrev  0x00002007      0x1d3 ./Dave/Generated/DAVE.o
 .debug_abbrev  0x000021da      0x373 ./main.o

.debug_line     0x00000000     0x525b
 *(.debug_line)
 .debug_line    0x00000000       0x88 ./Startup/startup_XMC4500.o
 .debug_line    0x00000088      0x2d1 ./Startup/system_XMC4500.o
 .debug_line    0x00000359      0x1e5 ./Libraries/XMCLib/src/xmc4_gpio.o
 .debug_line    0x0000053e      0xd72 ./Libraries/XMCLib/src/xmc4_scu.o
 .debug_line    0x000012b0      0x5ad ./Libraries/XMCLib/src/xmc_ccu4.o
 .debug_line    0x0000185d      0x1d3 ./Libraries/XMCLib/src/xmc_gpio.o
 .debug_line    0x00001a30      0x331 ./Libraries/XMCLib/src/xmc_uart.o
 .debug_line    0x00001d61      0x3e0 ./Libraries/XMCLib/src/xmc_usic.o
 .debug_line    0x00002141       0xbd ./Libraries/Newlib/syscalls.o
 .debug_line    0x000021fe      0x567 ./Dave/Generated/UART/uart.o
 .debug_line    0x00002765      0x338 ./Dave/Generated/UART/uart_conf.o
 .debug_line    0x00002a9d      0x50e ./Dave/Generated/TIMER/timer.o
 .debug_line    0x00002fab      0x2ac ./Dave/Generated/TIMER/timer_conf.o
 .debug_line    0x00003257      0x2d4 ./Dave/Generated/INTERRUPT/interrupt.o
 .debug_line    0x0000352b      0x1cf ./Dave/Generated/INTERRUPT/interrupt_conf.o
 .debug_line    0x000036fa      0x2d7 ./Dave/Generated/GLOBAL_CCU4/global_ccu4.o
 .debug_line    0x000039d1      0x24a ./Dave/Generated/GLOBAL_CCU4/global_ccu4_conf.o
 .debug_line    0x00003c1b      0x23c ./Dave/Generated/DIGITAL_IO/digital_io.o
 .debug_line    0x00003e57      0x1c7 ./Dave/Generated/DIGITAL_IO/digital_io_conf.o
 .debug_line    0x0000401e      0x24c ./Dave/Generated/CPU_CTRL_XMC4/cpu_ctrl_xmc4_conf.o
 .debug_line    0x0000426a      0x272 ./Dave/Generated/CLOCK_XMC4/clock_xmc4.o
 .debug_line    0x000044dc      0x248 ./Dave/Generated/CLOCK_XMC4/clock_xmc4_conf.o
 .debug_line    0x00004724      0x3de ./Dave/Generated/DAVE.o
 .debug_line    0x00004b02      0x759 ./main.o

.debug_frame    0x00000000     0x2f48
 *(.debug_frame)
 .debug_frame   0x00000000       0xec ./Startup/system_XMC4500.o
 .debug_frame   0x000000ec       0x60 ./Libraries/XMCLib/src/xmc4_gpio.o
 .debug_frame   0x0000014c     0x11c0 ./Libraries/XMCLib/src/xmc4_scu.o
 .debug_frame   0x0000130c      0x560 ./Libraries/XMCLib/src/xmc_ccu4.o
 .debug_frame   0x0000186c       0x60 ./Libraries/XMCLib/src/xmc_gpio.o
 .debug_frame   0x000018cc      0x1c8 ./Libraries/XMCLib/src/xmc_uart.o
 .debug_frame   0x00001a94      0x268 ./Libraries/XMCLib/src/xmc_usic.o
 .debug_frame   0x00001cfc       0x5c ./Libraries/Newlib/syscalls.o
 .debug_frame   0x00001d58      0x474 ./Dave/Generated/UART/uart.o
 .debug_frame   0x000021cc      0x15c ./Dave/Generated/UART/uart_conf.o
 .debug_frame   0x00002328      0x3e0 ./Dave/Generated/TIMER/timer.o
 .debug_frame   0x00002708      0x124 ./Dave/Generated/INTERRUPT/interrupt.o
 .debug_frame   0x0000282c       0x88 ./Dave/Generated/GLOBAL_CCU4/global_ccu4.o
 .debug_frame   0x000028b4       0x60 ./Dave/Generated/DIGITAL_IO/digital_io.o
 .debug_frame   0x00002914       0x60 ./Dave/Generated/CPU_CTRL_XMC4/cpu_ctrl_xmc4_conf.o
 .debug_frame   0x00002974       0xac ./Dave/Generated/CLOCK_XMC4/clock_xmc4.o
 .debug_frame   0x00002a20       0x3c ./Dave/Generated/CLOCK_XMC4/clock_xmc4_conf.o
 .debug_frame   0x00002a5c       0x38 ./Dave/Generated/DAVE.o
 .debug_frame   0x00002a94      0x3ac ./main.o
 .debug_frame   0x00002e40       0x28 c:/davev4-64bit/dave-4.3.2/eclipse/arm-gcc-49/bin/../lib/gcc/arm-none-eabi/4.9.3/armv7e-m/softfp\libgcc.a(_aeabi_uldivmod.o)
 .debug_frame   0x00002e68       0x50 c:/davev4-64bit/dave-4.3.2/eclipse/arm-gcc-49/bin/../lib/gcc/arm-none-eabi/4.9.3/armv7e-m/softfp\libgcc.a(bpabi.o)
 .debug_frame   0x00002eb8       0x34 c:/davev4-64bit/dave-4.3.2/eclipse/arm-gcc-49/bin/../lib/gcc/arm-none-eabi/4.9.3/armv7e-m/softfp\libgcc.a(_divdi3.o)
 .debug_frame   0x00002eec       0x30 c:/davev4-64bit/dave-4.3.2/eclipse/arm-gcc-49/bin/../lib/gcc/arm-none-eabi/4.9.3/armv7e-m/softfp\libgcc.a(_udivdi3.o)
 .debug_frame   0x00002f1c       0x2c c:/davev4-64bit/dave-4.3.2/eclipse/arm-gcc-49/bin/../lib/gcc/arm-none-eabi/4.9.3/../../../../arm-none-eabi/lib/armv7e-m/softfp\libg_nano.a(lib_a-init.o)

.debug_str      0x00000000     0x745c
 *(.debug_str)
 .debug_str     0x00000000      0x4fb ./Startup/system_XMC4500.o
                                0x56d (size before relaxing)
 .debug_str     0x000004fb      0x544 ./Libraries/XMCLib/src/xmc4_gpio.o
                                0x762 (size before relaxing)
 .debug_str     0x00000a3f     0x1f83 ./Libraries/XMCLib/src/xmc4_scu.o
                               0x2424 (size before relaxing)
 .debug_str     0x000029c2     0x14ee ./Libraries/XMCLib/src/xmc_ccu4.o
                               0x1af6 (size before relaxing)
 .debug_str     0x00003eb0       0xca ./Libraries/XMCLib/src/xmc_gpio.o
                                0x610 (size before relaxing)
 .debug_str     0x00003f7a      0x882 ./Libraries/XMCLib/src/xmc_uart.o
                                0xae6 (size before relaxing)
 .debug_str     0x000047fc      0x969 ./Libraries/XMCLib/src/xmc_usic.o
                               0x1055 (size before relaxing)
 .debug_str     0x00005165       0x6f ./Libraries/Newlib/syscalls.o
                                0x216 (size before relaxing)
 .debug_str     0x000051d4      0xbd5 ./Dave/Generated/UART/uart.o
                               0x1c5b (size before relaxing)
 .debug_str     0x00005da9      0x789 ./Dave/Generated/UART/uart_conf.o
                               0x197b (size before relaxing)
 .debug_str     0x00006532      0x550 ./Dave/Generated/TIMER/timer.o
                                0xc0c (size before relaxing)
 .debug_str     0x00006a82      0x296 ./Dave/Generated/TIMER/timer_conf.o
                                0xb4d (size before relaxing)
 .debug_str     0x00006d18       0xdd ./Dave/Generated/INTERRUPT/interrupt.o
                                0xa8d (size before relaxing)
 .debug_str     0x00006df5       0x35 ./Dave/Generated/INTERRUPT/interrupt_conf.o
                                0x844 (size before relaxing)
 .debug_str     0x00006e2a       0xb5 ./Dave/Generated/GLOBAL_CCU4/global_ccu4.o
                                0x56f (size before relaxing)
 .debug_str     0x00006edf       0x31 ./Dave/Generated/GLOBAL_CCU4/global_ccu4_conf.o
                                0x483 (size before relaxing)
 .debug_str     0x00006f10       0xdf ./Dave/Generated/DIGITAL_IO/digital_io.o
                                0x89f (size before relaxing)
 .debug_str     0x00006fef       0x34 ./Dave/Generated/DIGITAL_IO/digital_io_conf.o
                                0x7e5 (size before relaxing)
 .debug_str     0x00007023       0x88 ./Dave/Generated/CPU_CTRL_XMC4/cpu_ctrl_xmc4_conf.o
                                0x3a2 (size before relaxing)
 .debug_str     0x000070ab       0xf3 ./Dave/Generated/CLOCK_XMC4/clock_xmc4.o
                                0x353 (size before relaxing)
 .debug_str     0x0000719e       0x50 ./Dave/Generated/CLOCK_XMC4/clock_xmc4_conf.o
                                0x733 (size before relaxing)
 .debug_str     0x000071ee       0x65 ./Dave/Generated/DAVE.o
                               0x1a43 (size before relaxing)
 .debug_str     0x00007253      0x209 ./main.o
                               0x1794 (size before relaxing)

.debug_loc      0x00000000     0x5fec
 *(.debug_loc)
 .debug_loc     0x00000000      0x1a4 ./Startup/system_XMC4500.o
 .debug_loc     0x000001a4       0xb8 ./Libraries/XMCLib/src/xmc4_gpio.o
 .debug_loc     0x0000025c     0x2504 ./Libraries/XMCLib/src/xmc4_scu.o
 .debug_loc     0x00002760      0xbf0 ./Libraries/XMCLib/src/xmc_ccu4.o
 .debug_loc     0x00003350       0xb8 ./Libraries/XMCLib/src/xmc_gpio.o
 .debug_loc     0x00003408      0x3c4 ./Libraries/XMCLib/src/xmc_uart.o
 .debug_loc     0x000037cc      0x52a ./Libraries/XMCLib/src/xmc_usic.o
 .debug_loc     0x00003cf6       0x94 ./Libraries/Newlib/syscalls.o
 .debug_loc     0x00003d8a      0x98c ./Dave/Generated/UART/uart.o
 .debug_loc     0x00004716      0x2b8 ./Dave/Generated/UART/uart_conf.o
 .debug_loc     0x000049ce      0x81c ./Dave/Generated/TIMER/timer.o
 .debug_loc     0x000051ea      0x254 ./Dave/Generated/INTERRUPT/interrupt.o
 .debug_loc     0x0000543e      0x108 ./Dave/Generated/GLOBAL_CCU4/global_ccu4.o
 .debug_loc     0x00005546       0xac ./Dave/Generated/DIGITAL_IO/digital_io.o
 .debug_loc     0x000055f2       0xac ./Dave/Generated/CPU_CTRL_XMC4/cpu_ctrl_xmc4_conf.o
 .debug_loc     0x0000569e      0x14c ./Dave/Generated/CLOCK_XMC4/clock_xmc4.o
 .debug_loc     0x000057ea       0x50 ./Dave/Generated/CLOCK_XMC4/clock_xmc4_conf.o
 .debug_loc     0x0000583a       0x50 ./Dave/Generated/DAVE.o
 .debug_loc     0x0000588a      0x762 ./main.o

.debug_macinfo
 *(.debug_macinfo)

.debug_ranges   0x00000000      0x9c8
 *(.debug_ranges)
 .debug_ranges  0x00000000       0x38 ./Startup/system_XMC4500.o
 .debug_ranges  0x00000038       0x18 ./Libraries/XMCLib/src/xmc4_gpio.o
 .debug_ranges  0x00000050      0x3b8 ./Libraries/XMCLib/src/xmc4_scu.o
 .debug_ranges  0x00000408      0x118 ./Libraries/XMCLib/src/xmc_ccu4.o
 .debug_ranges  0x00000520       0x18 ./Libraries/XMCLib/src/xmc_gpio.o
 .debug_ranges  0x00000538       0x60 ./Libraries/XMCLib/src/xmc_uart.o
 .debug_ranges  0x00000598       0x80 ./Libraries/XMCLib/src/xmc_usic.o
 .debug_ranges  0x00000618       0x18 ./Libraries/Newlib/syscalls.o
 .debug_ranges  0x00000630       0xe8 ./Dave/Generated/UART/uart.o
 .debug_ranges  0x00000718       0x50 ./Dave/Generated/UART/uart_conf.o
 .debug_ranges  0x00000768       0xc8 ./Dave/Generated/TIMER/timer.o
 .debug_ranges  0x00000830       0x40 ./Dave/Generated/INTERRUPT/interrupt.o
 .debug_ranges  0x00000870       0x20 ./Dave/Generated/GLOBAL_CCU4/global_ccu4.o
 .debug_ranges  0x00000890       0x18 ./Dave/Generated/DIGITAL_IO/digital_io.o
 .debug_ranges  0x000008a8       0x18 ./Dave/Generated/CPU_CTRL_XMC4/cpu_ctrl_xmc4_conf.o
 .debug_ranges  0x000008c0       0x28 ./Dave/Generated/CLOCK_XMC4/clock_xmc4.o
 .debug_ranges  0x000008e8       0x10 ./Dave/Generated/CLOCK_XMC4/clock_xmc4_conf.o
 .debug_ranges  0x000008f8       0x10 ./Dave/Generated/DAVE.o
 .debug_ranges  0x00000908       0xc0 ./main.o

.debug_weaknames
 *(.debug_weaknames)

.debug_funcnames
 *(.debug_funcnames)

.debug_typenames
 *(.debug_typenames)

.debug_varnames
 *(.debug_varnames)

.build_attributes
                0x00000000      0x622
 *(.ARM.attributes)
 .ARM.attributes
                0x00000000       0x25 ./Startup/startup_XMC4500.o
 .ARM.attributes
                0x00000025       0x37 ./Startup/system_XMC4500.o
 .ARM.attributes
                0x0000005c       0x37 ./Libraries/XMCLib/src/xmc4_gpio.o
 .ARM.attributes
                0x00000093       0x37 ./Libraries/XMCLib/src/xmc4_scu.o
 .ARM.attributes
                0x000000ca       0x37 ./Libraries/XMCLib/src/xmc_ccu4.o
 .ARM.attributes
                0x00000101       0x37 ./Libraries/XMCLib/src/xmc_gpio.o
 .ARM.attributes
                0x00000138       0x37 ./Libraries/XMCLib/src/xmc_uart.o
 .ARM.attributes
                0x0000016f       0x37 ./Libraries/XMCLib/src/xmc_usic.o
 .ARM.attributes
                0x000001a6       0x37 ./Libraries/Newlib/syscalls.o
 .ARM.attributes
                0x000001dd       0x37 ./Dave/Generated/UART/uart.o
 .ARM.attributes
                0x00000214       0x37 ./Dave/Generated/UART/uart_conf.o
 .ARM.attributes
                0x0000024b       0x37 ./Dave/Generated/TIMER/timer.o
 .ARM.attributes
                0x00000282       0x37 ./Dave/Generated/TIMER/timer_conf.o
 .ARM.attributes
                0x000002b9       0x37 ./Dave/Generated/INTERRUPT/interrupt.o
 .ARM.attributes
                0x000002f0       0x37 ./Dave/Generated/INTERRUPT/interrupt_conf.o
 .ARM.attributes
                0x00000327       0x37 ./Dave/Generated/GLOBAL_CCU4/global_ccu4.o
 .ARM.attributes
                0x0000035e       0x37 ./Dave/Generated/GLOBAL_CCU4/global_ccu4_conf.o
 .ARM.attributes
                0x00000395       0x37 ./Dave/Generated/DIGITAL_IO/digital_io.o
 .ARM.attributes
                0x000003cc       0x37 ./Dave/Generated/DIGITAL_IO/digital_io_conf.o
 .ARM.attributes
                0x00000403       0x37 ./Dave/Generated/CPU_CTRL_XMC4/cpu_ctrl_xmc4_conf.o
 .ARM.attributes
                0x0000043a       0x37 ./Dave/Generated/CLOCK_XMC4/clock_xmc4.o
 .ARM.attributes
                0x00000471       0x37 ./Dave/Generated/CLOCK_XMC4/clock_xmc4_conf.o
 .ARM.attributes
                0x000004a8       0x37 ./Dave/Generated/DAVE.o
 .ARM.attributes
                0x000004df       0x37 ./main.o
 .ARM.attributes
                0x00000516       0x22 c:/davev4-64bit/dave-4.3.2/eclipse/arm-gcc-49/bin/../lib/gcc/arm-none-eabi/4.9.3/armv7e-m/softfp\libgcc.a(_aeabi_uldivmod.o)
 .ARM.attributes
                0x00000538       0x32 c:/davev4-64bit/dave-4.3.2/eclipse/arm-gcc-49/bin/../lib/gcc/arm-none-eabi/4.9.3/armv7e-m/softfp\libgcc.a(bpabi.o)
 .ARM.attributes
                0x0000056a       0x22 c:/davev4-64bit/dave-4.3.2/eclipse/arm-gcc-49/bin/../lib/gcc/arm-none-eabi/4.9.3/armv7e-m/softfp\libgcc.a(_dvmd_tls.o)
 .ARM.attributes
                0x0000058c       0x32 c:/davev4-64bit/dave-4.3.2/eclipse/arm-gcc-49/bin/../lib/gcc/arm-none-eabi/4.9.3/armv7e-m/softfp\libgcc.a(_divdi3.o)
 .ARM.attributes
                0x000005be       0x32 c:/davev4-64bit/dave-4.3.2/eclipse/arm-gcc-49/bin/../lib/gcc/arm-none-eabi/4.9.3/armv7e-m/softfp\libgcc.a(_udivdi3.o)
 .ARM.attributes
                0x000005f0       0x32 c:/davev4-64bit/dave-4.3.2/eclipse/arm-gcc-49/bin/../lib/gcc/arm-none-eabi/4.9.3/../../../../arm-none-eabi/lib/armv7e-m/softfp\libg_nano.a(lib_a-init.o)
OUTPUT(MAB_Komputer.elf elf32-littlearm)
